Component: ARM Compiler 5.06 update 7 (build 960) Tool: armlink [4d3601]

==============================================================================

Section Cross References

    startup_stm32f407xx.o(RESET) refers to startup_stm32f407xx.o(STACK) for __initial_sp
    startup_stm32f407xx.o(RESET) refers to startup_stm32f407xx.o(.text) for Reset_Handler
    startup_stm32f407xx.o(RESET) refers to stm32f4xx_it.o(i.NMI_Handler) for NMI_Handler
    startup_stm32f407xx.o(RESET) refers to stm32f4xx_it.o(i.HardFault_Handler) for HardFault_Handler
    startup_stm32f407xx.o(RESET) refers to stm32f4xx_it.o(i.MemManage_Handler) for MemManage_Handler
    startup_stm32f407xx.o(RESET) refers to stm32f4xx_it.o(i.BusFault_Handler) for BusFault_Handler
    startup_stm32f407xx.o(RESET) refers to stm32f4xx_it.o(i.UsageFault_Handler) for UsageFault_Handler
    startup_stm32f407xx.o(RESET) refers to stm32f4xx_it.o(i.SVC_Handler) for SVC_Handler
    startup_stm32f407xx.o(RESET) refers to stm32f4xx_it.o(i.DebugMon_Handler) for DebugMon_Handler
    startup_stm32f407xx.o(RESET) refers to stm32f4xx_it.o(i.PendSV_Handler) for PendSV_Handler
    startup_stm32f407xx.o(RESET) refers to stm32f4xx_it.o(i.SysTick_Handler) for SysTick_Handler
    startup_stm32f407xx.o(RESET) refers to stm32f4xx_it.o(i.DMA1_Stream2_IRQHandler) for DMA1_Stream2_IRQHandler
    startup_stm32f407xx.o(RESET) refers to stm32f4xx_it.o(i.DMA1_Stream5_IRQHandler) for DMA1_Stream5_IRQHandler
    startup_stm32f407xx.o(RESET) refers to stm32f4xx_it.o(i.USART2_IRQHandler) for USART2_IRQHandler
    startup_stm32f407xx.o(RESET) refers to stm32f4xx_it.o(i.DMA2_Stream0_IRQHandler) for DMA2_Stream0_IRQHandler
    startup_stm32f407xx.o(.text) refers to system_stm32f4xx.o(i.SystemInit) for SystemInit
    startup_stm32f407xx.o(.text) refers to entry.o(.ARM.Collect$$$$00000000) for __main
    main.o(i.ADC_Process_Function) refers to usart.o(i.printf1) for printf1
    main.o(i.ADC_Process_Function) refers to f2d.o(.text) for __aeabi_f2d
    main.o(i.ADC_Process_Function) refers to main.o(i.wind_direction_check) for wind_direction_check
    main.o(i.ADC_Process_Function) refers to main.o(i.turbidity_check) for turbidity_check
    main.o(i.ADC_Process_Function) refers to dmul.o(.text) for __aeabi_dmul
    main.o(i.ADC_Process_Function) refers to dadd.o(.text) for __aeabi_dadd
    main.o(i.ADC_Process_Function) refers to d2f.o(.text) for __aeabi_d2f
    main.o(i.ADC_Process_Function) refers to main.o(i.PH_check) for PH_check
    main.o(i.ADC_Process_Function) refers to main.o(i.raindrop_check) for raindrop_check
    main.o(i.ADC_Process_Function) refers to main.o(.bss) for .bss
    main.o(i.ADC_Process_Function) refers to main.o(.data) for .data
    main.o(i.ADC_Process_Function) refers to ec20.o(.data) for windspeed
    main.o(i.HCSR04_Detect) refers to tim.o(i.HCSR04_measure) for HCSR04_measure
    main.o(i.HCSR04_Detect) refers to usart.o(i.printf1) for printf1
    main.o(i.HCSR04_Detect) refers to ec20.o(.data) for distance
    main.o(i.JY61P_Output) refers to usart.o(i.printf1) for printf1
    main.o(i.JY61P_Output) refers to usart.o(i.sendcmd) for sendcmd
    main.o(i.JY61P_Output) refers to delay.o(i.delay_ms) for delay_ms
    main.o(i.JY61P_Output) refers to f2d.o(.text) for __aeabi_f2d
    main.o(i.JY61P_Output) refers to main.o(.data) for .data
    main.o(i.JY61P_Output) refers to usart.o(.bss) for JY61
    main.o(i.SystemClock_Config) refers to memseta.o(.text) for __aeabi_memclr4
    main.o(i.SystemClock_Config) refers to stm32f4xx_hal_rcc.o(i.HAL_RCC_OscConfig) for HAL_RCC_OscConfig
    main.o(i.SystemClock_Config) refers to stm32f4xx_hal_rcc.o(i.HAL_RCC_ClockConfig) for HAL_RCC_ClockConfig
    main.o(i.main) refers to stm32f4xx_hal.o(i.HAL_Init) for HAL_Init
    main.o(i.main) refers to main.o(i.SystemClock_Config) for SystemClock_Config
    main.o(i.main) refers to gpio.o(i.MX_GPIO_Init) for MX_GPIO_Init
    main.o(i.main) refers to dma.o(i.MX_DMA_Init) for MX_DMA_Init
    main.o(i.main) refers to adc.o(i.MX_ADC1_Init) for MX_ADC1_Init
    main.o(i.main) refers to usart.o(i.MX_UART4_Init) for MX_UART4_Init
    main.o(i.main) refers to usart.o(i.MX_USART1_UART_Init) for MX_USART1_UART_Init
    main.o(i.main) refers to usart.o(i.MX_USART2_UART_Init) for MX_USART2_UART_Init
    main.o(i.main) refers to tim.o(i.MX_TIM6_Init) for MX_TIM6_Init
    main.o(i.main) refers to stm32f4xx_hal_cortex.o(i.HAL_NVIC_SetPriority) for HAL_NVIC_SetPriority
    main.o(i.main) refers to stm32f4xx_hal_cortex.o(i.HAL_NVIC_EnableIRQ) for HAL_NVIC_EnableIRQ
    main.o(i.main) refers to delay.o(i.delay_init) for delay_init
    main.o(i.main) refers to usart.o(i.sendcmd) for sendcmd
    main.o(i.main) refers to delay.o(i.delay_ms) for delay_ms
    main.o(i.main) refers to stm32f4xx_hal_adc.o(i.HAL_ADC_Start_DMA) for HAL_ADC_Start_DMA
    main.o(i.main) refers to stm32f4xx_hal_uart.o(i.HAL_UART_Receive_IT) for HAL_UART_Receive_IT
[...]
    i.HAL_RCC_GetPCLK1Freq                   0x08002c48   Section        0  stm32f4xx_hal_rcc.o(i.HAL_RCC_GetPCLK1Freq)
    i.HAL_RCC_GetPCLK2Freq                   0x08002c68   Section        0  stm32f4xx_hal_rcc.o(i.HAL_RCC_GetPCLK2Freq)
    i.HAL_RCC_GetSysClockFreq                0x08002c88   Section        0  stm32f4xx_hal_rcc.o(i.HAL_RCC_GetSysClockFreq)
    i.HAL_RCC_OscConfig                      0x08002ce8   Section        0  stm32f4xx_hal_rcc.o(i.HAL_RCC_OscConfig)
    i.HAL_SYSTICK_CLKSourceConfig            0x08003054   Section        0  stm32f4xx_hal_cortex.o(i.HAL_SYSTICK_CLKSourceConfig)
    i.HAL_SYSTICK_Config                     0x0800306c   Section        0  stm32f4xx_hal_cortex.o(i.HAL_SYSTICK_Config)
    i.HAL_TIMEx_MasterConfigSynchronization  0x08003094   Section        0  stm32f4xx_hal_tim_ex.o(i.HAL_TIMEx_MasterConfigSynchronization)
    i.HAL_TIM_Base_Init                      0x08003124   Section        0  stm32f4xx_hal_tim.o(i.HAL_TIM_Base_Init)
    i.HAL_TIM_Base_MspInit                   0x08003180   Section        0  tim.o(i.HAL_TIM_Base_MspInit)
    i.HAL_TIM_Base_Start_IT                  0x080031a8   Section        0  stm32f4xx_hal_tim.o(i.HAL_TIM_Base_Start_IT)
    i.HAL_TIM_Base_Stop_IT                   0x08003228   Section        0  stm32f4xx_hal_tim.o(i.HAL_TIM_Base_Stop_IT)
    i.HAL_UARTEx_RxEventCallback             0x08003258   Section        0  stm32f4xx_hal_uart.o(i.HAL_UARTEx_RxEventCallback)
    i.HAL_UART_DMAStop                       0x0800325a   Section        0  stm32f4xx_hal_uart.o(i.HAL_UART_DMAStop)
    i.HAL_UART_ErrorCallback                 0x080032ca   Section        0  stm32f4xx_hal_uart.o(i.HAL_UART_ErrorCallback)
    i.HAL_UART_IRQHandler                    0x080032cc   Section        0  stm32f4xx_hal_uart.o(i.HAL_UART_IRQHandler)
    i.HAL_UART_Init                          0x08003534   Section        0  stm32f4xx_hal_uart.o(i.HAL_UART_Init)
    i.HAL_UART_MspInit                       0x08003598   Section        0  usart.o(i.HAL_UART_MspInit)
    i.HAL_UART_Receive_DMA                   0x08003714   Section        0  stm32f4xx_hal_uart.o(i.HAL_UART_Receive_DMA)
    i.HAL_UART_Receive_IT                    0x0800373e   Section        0  stm32f4xx_hal_uart.o(i.HAL_UART_Receive_IT)
    i.HAL_UART_RxCpltCallback                0x08003768   Section        0  usart.o(i.HAL_UART_RxCpltCallback)
    i.HAL_UART_RxHalfCpltCallback            0x0800396c   Section        0  stm32f4xx_hal_uart.o(i.HAL_UART_RxHalfCpltCallback)
    i.HAL_UART_Transmit                      0x08003970   Section        0  stm32f4xx_hal_uart.o(i.HAL_UART_Transmit)
    i.HAL_UART_TxCpltCallback                0x08003a22   Section        0  stm32f4xx_hal_uart.o(i.HAL_UART_TxCpltCallback)
    i.HCSR04_Detect                          0x08003a24   Section        0  main.o(i.HCSR04_Detect)
    i.HCSR04_measure                         0x08003a54   Section        0  tim.o(i.HCSR04_measure)
    i.HardFault_Handler                      0x08003a80   Section        0  stm32f4xx_it.o(i.HardFault_Handler)
    i.JY61P_Output                           0x08003a84   Section        0  main.o(i.JY61P_Output)
    i.MX_ADC1_Init                           0x08003bac   Section        0  adc.o(i.MX_ADC1_Init)
    i.MX_DMA_Init                            0x08003c74   Section        0  dma.o(i.MX_DMA_Init)
    i.MX_GPIO_Init                           0x08003cd0   Section        0  gpio.o(i.MX_GPIO_Init)
    i.MX_TIM6_Init                           0x08003d94   Section        0  tim.o(i.MX_TIM6_Init)
    i.MX_UART4_Init                          0x08003ddc   Section        0  usart.o(i.MX_UART4_Init)
    i.MX_USART1_UART_Init                    0x08003e14   Section        0  usart.o(i.MX_USART1_UART_Init)
    i.MX_USART2_UART_Init                    0x08003e4c   Section        0  usart.o(i.MX_USART2_UART_Init)
    i.MemManage_Handler                      0x08003e84   Section        0  stm32f4xx_it.o(i.MemManage_Handler)
    i.Mqtt_Senddata                          0x08003e88   Section        0  ec20.o(i.Mqtt_Senddata)
    i.NMI_Handler                            0x080043c8   Section        0  stm32f4xx_it.o(i.NMI_Handler)
    i.PARSE_GPRMC                            0x080043cc   Section        0  ec20.o(i.PARSE_GPRMC)
    i.PH_check                               0x080044d4   Section        0  main.o(i.PH_check)
    i.Parse_UTCTime                          0x080044fc   Section        0  ec20.o(i.Parse_UTCTime)
    i.Parse_gps_data                         0x08004554   Section        0  ec20.o(i.Parse_gps_data)
    i.PendSV_Handler                         0x0800469c   Section        0  stm32f4xx_it.o(i.PendSV_Handler)
    i.SVC_Handler                            0x0800469e   Section        0  stm32f4xx_it.o(i.SVC_Handler)
    i.Start                                  0x080046a0   Section        0  tim.o(i.Start)
    i.SysTick_Handler                        0x080046c8   Section        0  stm32f4xx_it.o(i.SysTick_Handler)
    i.SystemClock_Config                     0x080046cc   Section        0  main.o(i.SystemClock_Config)
    i.SystemInit                             0x08004764   Section        0  system_stm32f4xx.o(i.SystemInit)
    i.TIM_Base_SetConfig                     0x08004774   Section        0  stm32f4xx_hal_tim.o(i.TIM_Base_SetConfig)
    i.UART_DMAAbortOnError                   0x0800483c   Section        0  stm32f4xx_hal_uart.o(i.UART_DMAAbortOnError)
    UART_DMAAbortOnError                     0x0800483d   Thumb Code    16  stm32f4xx_hal_uart.o(i.UART_DMAAbortOnError)
    i.UART_DMAError                          0x0800484c   Section        0  stm32f4xx_hal_uart.o(i.UART_DMAError)
    UART_DMAError                            0x0800484d   Thumb Code    74  stm32f4xx_hal_uart.o(i.UART_DMAError)
    i.UART_DMAReceiveCplt                    0x08004896   Section        0  stm32f4xx_hal_uart.o(i.UART_DMAReceiveCplt)
    UART_DMAReceiveCplt                      0x08004897   Thumb Code   130  stm32f4xx_hal_uart.o(i.UART_DMAReceiveCplt)
    i.UART_DMARxHalfCplt                     0x08004918   Section        0  stm32f4xx_hal_uart.o(i.UART_DMARxHalfCplt)
    UART_DMARxHalfCplt                       0x08004919   Thumb Code    26  stm32f4xx_hal_uart.o(i.UART_DMARxHalfCplt)
    i.UART_EndRxTransfer                     0x08004932   Section        0  stm32f4xx_hal_uart.o(i.UART_EndRxTransfer)
    UART_EndRxTransfer                       0x08004933   Thumb Code    78  stm32f4xx_hal_uart.o(i.UART_EndRxTransfer)
    i.UART_EndTxTransfer                     0x08004980   Section        0  stm32f4xx_hal_uart.o(i.UART_EndTxTransfer)
    UART_EndTxTransfer                       0x08004981   Thumb Code    28  stm32f4xx_hal_uart.o(i.UART_EndTxTransfer)
    i.UART_Receive_IT                        0x0800499c   Section        0  stm32f4xx_hal_uart.o(i.UART_Receive_IT)
    UART_Receive_IT                          0x0800499d   Thumb Code   192  stm32f4xx_hal_uart.o(i.UART_Receive_IT)
    i.UART_SetConfig                         0x08004a5c   Section        0  stm32f4xx_hal_uart.o(i.UART_SetConfig)
    UART_SetConfig                           0x08004a5d   Thumb Code   258  stm32f4xx_hal_uart.o(i.UART_SetConfig)
    i.UART_Start_Receive_DMA                 0x08004b68   Section        0  stm32f4xx_hal_uart.o(i.UART_Start_Receive_DMA)
    i.UART_Start_Receive_IT                  0x08004bfc   Section        0  stm32f4xx_hal_uart.o(i.UART_Start_Receive_IT)
    i.UART_WaitOnFlagUntilTimeout            0x08004c36   Section        0  stm32f4xx_hal_uart.o(i.UART_WaitOnFlagUntilTimeout)
    UART_WaitOnFlagUntilTimeout              0x08004c37   Thumb Code   120  stm32f4xx_hal_uart.o(i.UART_WaitOnFlagUntilTimeout)
    i.USART2_IRQHandler                      0x08004cb0   Section        0  stm32f4xx_it.o(i.USART2_IRQHandler)
    i.USER_UART2_IRQHander                   0x08004cc8   Section        0  usart.o(i.USER_UART2_IRQHander)
    i.USER_USART2_IDLECallback               0x08004cf8   Section        0  usart.o(i.USER_USART2_IDLECallback)
    i.UsageFault_Handler                     0x08004d30   Section        0  stm32f4xx_it.o(i.UsageFault_Handler)
    i.__0printf                              0x08004d34   Section        0  printfa.o(i.__0printf)
    i.__0sprintf                             0x08004d54   Section        0  printfa.o(i.__0sprintf)
    i.__0vsnprintf                           0x08004d7c   Section        0  printfa.o(i.__0vsnprintf)
    i.__NVIC_SetPriority                     0x08004db0   Section        0  stm32f4xx_hal_cortex.o(i.__NVIC_SetPriority)
    __NVIC_SetPriority                       0x08004db1   Thumb Code    32  stm32f4xx_hal_cortex.o(i.__NVIC_SetPriority)
    i.__free$realloc                         0x08004dd0   Section        0  mallocr.o(i.__free$realloc)
    i.__hardfp_fabs                          0x08004e2c   Section        0  fabs.o(i.__hardfp_fabs)
    i.__hardfp_floor                         0x08004e40   Section        0  floor.o(i.__hardfp_floor)
    i.__malloc$realloc                       0x08004f58   Section        0  mallocr.o(i.__malloc$realloc)
    i.__scatterload_copy                     0x08004fa8   Section       14  handlers.o(i.__scatterload_copy)
    i.__scatterload_null                     0x08004fb6   Section        2  handlers.o(i.__scatterload_null)
    i.__scatterload_zeroinit                 0x08004fb8   Section       14  handlers.o(i.__scatterload_zeroinit)
    i._fp_digits                             0x08004fc8   Section        0  printfa.o(i._fp_digits)
    _fp_digits                               0x08004fc9   Thumb Code   366  printfa.o(i._fp_digits)
    i._is_digit                              0x0800514c   Section        0  scanf_fp.o(i._is_digit)
    i._printf_core                           0x0800515c   Section        0  printfa.o(i._printf_core)
    _printf_core                             0x0800515d   Thumb Code  1704  printfa.o(i._printf_core)
    i._printf_post_padding                   0x08005810   Section        0  printfa.o(i._printf_post_padding)
    _printf_post_padding                     0x08005811   Thumb Code    36  printfa.o(i._printf_post_padding)
    i._printf_pre_padding                    0x08005834   Section        0  printfa.o(i._printf_pre_padding)
    _printf_pre_padding                      0x08005835   Thumb Code    46  printfa.o(i._printf_pre_padding)
    i._snputc                                0x08005862   Section        0  printfa.o(i._snputc)
    _snputc                                  0x08005863   Thumb Code    22  printfa.o(i._snputc)
    i._sputc                                 0x08005878   Section        0  printfa.o(i._sputc)
    _sputc                                   0x08005879   Thumb Code    10  printfa.o(i._sputc)
    i.add_item_to_array                      0x08005882   Section        0  cjson.o(i.add_item_to_array)
    add_item_to_array                        0x08005883   Thumb Code    42  cjson.o(i.add_item_to_array)
    i.add_item_to_object                     0x080058ac   Section        0  cjson.o(i.add_item_to_object)
    add_item_to_object                       0x080058ad   Thumb Code    90  cjson.o(i.add_item_to_object)
    i.cJSON_AddItemToObject                  0x08005908   Section        0  cjson.o(i.cJSON_AddItemToObject)
    i.cJSON_CreateNumber                     0x0800591c   Section        0  cjson.o(i.cJSON_CreateNumber)
    i.cJSON_CreateObject                     0x08005994   Section        0  cjson.o(i.cJSON_CreateObject)
    i.cJSON_CreateString                     0x080059ac   Section        0  cjson.o(i.cJSON_CreateString)
    i.cJSON_Delete                           0x080059dc   Section        0  cjson.o(i.cJSON_Delete)
    i.cJSON_GetObjectItem                    0x08005a24   Section        0  cjson.o(i.cJSON_GetObjectItem)
    i.cJSON_New_Item                         0x08005a2a   Section        0  cjson.o(i.cJSON_New_Item)
    cJSON_New_Item                           0x08005a2b   Thumb Code    22  cjson.o(i.cJSON_New_Item)
    i.cJSON_PrintUnformatted                 0x08005a40   Section        0  cjson.o(i.cJSON_PrintUnformatted)
    i.cJSON_SetNumberHelper                  0x08005a4c   Section        0  cjson.o(i.cJSON_SetNumberHelper)
    i.cJSON_strdup                           0x08005ab8   Section        0  cjson.o(i.cJSON_strdup)
    cJSON_strdup                             0x08005ab9   Thumb Code    40  cjson.o(i.cJSON_strdup)
    i.compare_double                         0x08005ae0   Section        0  cjson.o(i.compare_double)
    compare_double                           0x08005ae1   Thumb Code   176  cjson.o(i.compare_double)
    i.delay_init                             0x08005b98   Section        0  delay.o(i.delay_init)
    i.delay_ms                               0x08005bac   Section        0  delay.o(i.delay_ms)
    i.delay_us                               0x08005be8   Section        0  delay.o(i.delay_us)
    i.dht11_check                            0x08005c1c   Section        0  dht11.o(i.dht11_check)
    i.dht11_read_bit                         0x08005c78   Section        0  dht11.o(i.dht11_read_bit)
    i.dht11_read_data                        0x08005cd4   Section        0  dht11.o(i.dht11_read_data)
    i.dht11_reset                            0x08005d3c   Section        0  dht11.o(i.dht11_reset)
    dht11_reset                              0x08005d3d   Thumb Code    44  dht11.o(i.dht11_reset)
    i.ensure                                 0x08005d6c   Section        0  cjson.o(i.ensure)
    ensure                                   0x08005d6d   Thumb Code   138  cjson.o(i.ensure)
    i.for_delay_us                           0x08005df6   Section        0  tim.o(i.for_delay_us)
    i.fputc                                  0x08005e08   Section        0  usart.o(i.fputc)
    i.get_object_item                        0x08005e20   Section        0  cjson.o(i.get_object_item)
    get_object_item                          0x08005e21   Thumb Code   122  cjson.o(i.get_object_item)
    i.get_stop                               0x08005e9c   Section        0  tim.o(i.get_stop)
    i.internal_alloc                         0x08005ec0   Section        0  mallocr.o(i.internal_alloc)
    internal_alloc                           0x08005ec1   Thumb Code    76  mallocr.o(i.internal_alloc)
    i.main                                   0x08005f10   Section        0  main.o(i.main)
    i.print                                  0x0800602c   Section        0  cjson.o(i.print)
    print                                    0x0800602d   Thumb Code   152  cjson.o(i.print)
    i.print_array                            0x080060c4   Section        0  cjson.o(i.print_array)
    print_array                              0x080060c5   Thumb Code   150  cjson.o(i.print_array)
    i.print_number                           0x0800615c   Section        0  cjson.o(i.print_number)
    print_number                             0x0800615d   Thumb Code   258  cjson.o(i.print_number)
    i.print_object                           0x0800628c   Section        0  cjson.o(i.print_object)
    print_object                             0x0800628d   Thumb Code   320  cjson.o(i.print_object)
    i.print_string_ptr                       0x080063cc   Section        0  cjson.o(i.print_string_ptr)
    print_string_ptr                         0x080063cd   Thumb Code   258  cjson.o(i.print_string_ptr)
    i.print_value                            0x080064dc   Section        0  cjson.o(i.print_value)
    print_value                              0x080064dd   Thumb Code   182  cjson.o(i.print_value)
    i.printf1                                0x080065ac   Section        0  usart.o(i.printf1)
    i.raindrop_check                         0x080065f4   Section        0  main.o(i.raindrop_check)
    i.realloc                                0x08006638   Section        0  mallocr.o(i.realloc)
    i.sendcmd                                0x080066a4   Section        0  usart.o(i.sendcmd)
    i.start                                  0x080066d0   Section        0  tim.o(i.start)
    i.turbidity_check                        0x080066e4   Section        0  main.o(i.turbidity_check)
    i.update_offset                          0x080066fc   Section        0  cjson.o(i.update_offset)
    update_offset                            0x080066fd   Thumb Code    28  cjson.o(i.update_offset)
    i.wind_direction_check                   0x08006718   Section        0  main.o(i.wind_direction_check)
    .constdata                               0x08006730   Section        8  stm32f4xx_hal_dma.o(.constdata)
    flagBitshiftOffset                       0x08006730   Data           8  stm32f4xx_hal_dma.o(.constdata)
    .constdata                               0x08006738   Section       16  system_stm32f4xx.o(.constdata)
    .constdata                               0x08006748   Section        8  system_stm32f4xx.o(.constdata)
    .constdata                               0x08006750   Section       64  ctype_c.o(.constdata)
    .conststring                             0x08006790   Section       66  ec20.o(.conststring)
    .data                                    0x20000000   Section       16  main.o(.data)
    updata                                   0x20000000   Data           1  main.o(.data)
    temp                                     0x2000000c   Data           4  main.o(.data)
    .data                                    0x20000010   Section        4  tim.o(.data)
    .data                                    0x20000014   Section        8  usart.o(.data)
    tx_buff                                  0x20000015   Data           1  usart.o(.data)
    .data                                    0x2000001c   Section        4  usart.o(.data)
    .data                                    0x20000020   Section       12  stm32f4xx_hal.o(.data)
    .data                                    0x2000002c   Section        4  system_stm32f4xx.o(.data)
    .data                                    0x20000030   Section        4  delay.o(.data)
    g_fac_us                                 0x20000030   Data           4  delay.o(.data)
    .data                                    0x20000038   Section       64  ec20.o(.data)
    count                                    0x20000038   Data           1  ec20.o(.data)
    GPS_ENABLE                               0x20000039   Data           1  ec20.o(.data)
    strx                                     0x20000064   Data           4  ec20.o(.data)
    .data                                    0x20000078   Section       20  cjson.o(.data)
    global_error                             0x20000078   Data           8  cjson.o(.data)
    global_hooks                             0x20000080   Data          12  cjson.o(.data)
    .data                                    0x2000008c   Section        4  mvars.o(.data)
    .data                                    0x20000090   Section        4  mvars.o(.data)
    .bss                                     0x20000094   Section       12  main.o(.bss)
    .bss                                     0x200000a0   Section      168  adc.o(.bss)
    .bss                                     0x20000148   Section       72  tim.o(.bss)
    .bss                                     0x20000190   Section     1068  usart.o(.bss)
    .bss                                     0x200005c0   Section       72  ec20.o(.bss)
    HEAP                                     0x20000608   Section     3072  startup_stm32f407xx.o(HEAP)
    STACK                                    0x20001208   Section     1024  startup_stm32f407xx.o(STACK)

    Global Symbols

    Symbol Name                              Value     Ov Type        Size  Object(Section)

    BuildAttributes$$THM_ISAv4$E$P$D$K$B$S$7EM$VFPi3$EXTD16$VFPS$VFMA$PE$A:L22UL41UL21$X:L11$S22US41US21$IEEE1$IW$USESV6$~STKCKD$USESV7$~SHL$OTIME$ROPI$IEEEJ$EBA8$MICROLIB$REQ8$PRES8$EABIv2 0x00000000   Number         0  anon$$obj.o ABSOLUTE
    __ARM_use_no_argv                        0x00000000   Number         0  main.o ABSOLUTE
    __use_no_errno                           0x00000000   Number         0  useno.o ABSOLUTE
    __use_no_exception_handling              0x00000000   Number         0  useno.o ABSOLUTE
    __use_no_fp                              0x00000000   Number         0  useno.o ABSOLUTE
    __use_no_heap                            0x00000000   Number         0  useno.o ABSOLUTE
    __use_no_heap_region                     0x00000000   Number         0  useno.o ABSOLUTE
    __use_no_semihosting                     0x00000000   Number         0  useno.o ABSOLUTE
    __use_no_semihosting_swi                 0x00000000   Number         0  useno.o ABSOLUTE
    __use_no_signal_handling                 0x00000000   Number         0  useno.o ABSOLUTE
    _printf_a                                0x00000000   Number         0  stubs.o ABSOLUTE
    _printf_c                                0x00000000   Number         0  stubs.o ABSOLUTE
    _printf_charcount                        0x00000000   Number         0  stubs.o ABSOLUTE
    _printf_d                                0x00000000   Number         0  stubs.o ABSOLUTE
    _printf_e                                0x00000000   Number         0  stubs.o ABSOLUTE
    _printf_f                                0x00000000   Number         0  stubs.o ABSOLUTE
    _printf_flags                            0x00000000   Number         0  stubs.o ABSOLUTE
    _printf_fp_dec                           0x00000000   Number         0  stubs.o ABSOLUTE
    _printf_fp_hex                           0x00000000   Number         0  stubs.o ABSOLUTE
    _printf_g                                0x00000000   Number         0  stubs.o ABSOLUTE
    _printf_i                                0x00000000   Number         0  stubs.o ABSOLUTE
    _printf_int_dec                          0x00000000   Number         0  stubs.o ABSOLUTE
    _printf_l                                0x00000000   Number         0  stubs.o ABSOLUTE
    _printf_lc                               0x00000000   Number         0  stubs.o ABSOLUTE
    _printf_ll                               0x00000000   Number         0  stubs.o ABSOLUTE
    _printf_lld                              0x00000000   Number         0  stubs.o ABSOLUTE
    _printf_lli                              0x00000000   Number         0  stubs.o ABSOLUTE
    _printf_llo                              0x00000000   Number         0  stubs.o ABSOLUTE
    _printf_llu                              0x00000000   Number         0  stubs.o ABSOLUTE
    _printf_llx                              0x00000000   Number         0  stubs.o ABSOLUTE
    _printf_longlong_dec                     0x00000000   Number         0  stubs.o ABSOLUTE
    _printf_longlong_hex                     0x00000000   Number         0  stubs.o ABSOLUTE
    _printf_longlong_oct                     0x00000000   Number         0  stubs.o ABSOLUTE
    _printf_ls                               0x00000000   Number         0  stubs.o ABSOLUTE
    _printf_mbtowc                           0x00000000   Number         0  stubs.o ABSOLUTE
    _printf_n                                0x00000000   Number         0  stubs.o ABSOLUTE
    _printf_o                                0x00000000   Number         0  stubs.o ABSOLUTE
    _printf_p                                0x00000000   Number         0  stubs.o ABSOLUTE
    _printf_percent                          0x00000000   Number         0  stubs.o ABSOLUTE
    _printf_pre_padding                      0x00000000   Number         0  stubs.o ABSOLUTE
    _printf_return_value                     0x00000000   Number         0  stubs.o ABSOLUTE
    _printf_s                                0x00000000   Number         0  stubs.o ABSOLUTE
    _printf_sizespec                         0x00000000   Number         0  stubs.o ABSOLUTE
    _printf_str                              0x00000000   Number         0  stubs.o ABSOLUTE
    _printf_truncate_signed                  0x00000000   Number         0  stubs.o ABSOLUTE
    _printf_truncate_unsigned                0x00000000   Number         0  stubs.o ABSOLUTE
    _printf_u                                0x00000000   Number         0  stubs.o ABSOLUTE
    _printf_wc                               0x00000000   Number         0  stubs.o ABSOLUTE
    _printf_wctomb                           0x00000000   Number         0  stubs.o ABSOLUTE
    _printf_widthprec                        0x00000000   Number         0  stubs.o ABSOLUTE
    _printf_x                                0x00000000   Number         0  stubs.o ABSOLUTE
    __arm_fini_                               - Undefined Weak Reference
    __cpp_initialize__aeabi_                  - Undefined Weak Reference
    __cxa_finalize                            - Undefined Weak Reference
    __decompress                              - Undefined Weak Reference
    _clock_init                               - Undefined Weak Reference
    _microlib_exit                            - Undefined Weak Reference
    _scanf_longlong                           - Undefined Weak Reference
    _scanf_string                             - Undefined Weak Reference
    __Vectors_Size                           0x00000188   Number         0  startup_stm32f407xx.o ABSOLUTE
    __Vectors                                0x08000000   Data           4  startup_stm32f407xx.o(RESET)
    __Vectors_End                            0x08000188   Data           0  startup_stm32f407xx.o(RESET)
    __main                                   0x08000189   Thumb Code     0  entry.o(.ARM.Collect$$$$00000000)
    _main_stk                                0x08000189   Thumb Code     0  entry2.o(.ARM.Collect$$$$00000001)
    _main_scatterload                        0x0800018d   Thumb Code     0  entry5.o(.ARM.Collect$$$$00000004)
    __main_after_scatterload                 0x08000191   Thumb Code     0  entry5.o(.ARM.Collect$$$$00000004)
    _main_clock                              0x08000191   Thumb Code     0  entry7b.o(.ARM.Collect$$$$00000008)
    _main_cpp_init                           0x08000191   Thumb Code     0  entry8b.o(.ARM.Collect$$$$0000000A)
    _main_init                               0x08000191   Thumb Code     0  entry9a.o(.ARM.Collect$$$$0000000B)
    __rt_lib_shutdown_fini                   0x08000199   Thumb Code     0  entry12b.o(.ARM.Collect$$$$0000000E)
    __rt_final_cpp                           0x0800019d   Thumb Code     0  entry10a.o(.ARM.Collect$$$$0000000F)
    __rt_final_exit                          0x0800019d   Thumb Code     0  entry11a.o(.ARM.Collect$$$$00000011)
    Reset_Handler                            0x080001a1   Thumb Code     8  startup_stm32f407xx.o(.text)
    ADC_IRQHandler                           0x080001bb   Thumb Code     0  startup_stm32f407xx.o(.text)
    CAN1_RX0_IRQHandler                      0x080001bb   Thumb Code     0  startup_stm32f407xx.o(.text)
    CAN1_RX1_IRQHandler                      0x080001bb   Thumb Code     0  startup_stm32f407xx.o(.text)
    CAN1_SCE_IRQHandler                      0x080001bb   Thumb Code     0  startup_stm32f407xx.o(.text)
    CAN1_TX_IRQHandler                       0x080001bb   Thumb Code     0  startup_stm32f407xx.o(.text)
    CAN2_RX0_IRQHandler                      0x080001bb   Thumb Code     0  startup_stm32f407xx.o(.text)
    CAN2_RX1_IRQHandler                      0x080001bb   Thumb Code     0  startup_stm32f407xx.o(.text)
    CAN2_SCE_IRQHandler                      0x080001bb   Thumb Code     0  startup_stm32f407xx.o(.text)
    CAN2_TX_IRQHandler                       0x080001bb   Thumb Code     0  startup_stm32f407xx.o(.text)
    DCMI_IRQHandler                          0x080001bb   Thumb Code     0  startup_stm32f407xx.o(.text)
    DMA1_Stream0_IRQHandler                  0x080001bb   Thumb Code     0  startup_stm32f407xx.o(.text)
    DMA1_Stream1_IRQHandler                  0x080001bb   Thumb Code     0  startup_stm32f407xx.o(.text)
    DMA1_Stream3_IRQHandler                  0x080001bb   Thumb Code     0  startup_stm32f407xx.o(.text)
    DMA1_Stream4_IRQHandler                  0x080001bb   Thumb Code     0  startup_stm32f407xx.o(.text)
    DMA1_Stream6_IRQHandler                  0x080001bb   Thumb Code     0  startup_stm32f407xx.o(.text)
    DMA1_Stream7_IRQHandler                  0x080001bb   Thumb Code     0  startup_stm32f407xx.o(.text)
    DMA2_Stream1_IRQHandler                  0x080001bb   Thumb Code     0  startup_stm32f407xx.o(.text)
    DMA2_Stream2_IRQHandler                  0x080001bb   Thumb Code     0  startup_stm32f407xx.o(.text)
    DMA2_Stream3_IRQHandler                  0x080001bb   Thumb Code     0  startup_stm32f407xx.o(.text)
    DMA2_Stream4_IRQHandler                  0x080001bb   Thumb Code     0  startup_stm32f407xx.o(.text)
    DMA2_Stream5_IRQHandler                  0x080001bb   Thumb Code     0  startup_stm32f407xx.o(.text)
    DMA2_Stream6_IRQHandler                  0x080001bb   Thumb Code     0  startup_stm32f407xx.o(.text)
    DMA2_Stream7_IRQHandler                  0x080001bb   Thumb Code     0  startup_stm32f407xx.o(.text)
    ETH_IRQHandler                           0x080001bb   Thumb Code     0  startup_stm32f407xx.o(.text)
    ETH_WKUP_IRQHandler                      0x080001bb   Thumb Code     0  startup_stm32f407xx.o(.text)
    EXTI0_IRQHandler                         0x080001bb   Thumb Code     0  startup_stm32f407xx.o(.text)
    EXTI15_10_IRQHandler                     0x080001bb   Thumb Code     0  startup_stm32f407xx.o(.text)
    EXTI1_IRQHandler                         0x080001bb   Thumb Code     0  startup_stm32f407xx.o(.text)
    EXTI2_IRQHandler                         0x080001bb   Thumb Code     0  startup_stm32f407xx.o(.text)
    EXTI3_IRQHandler                         0x080001bb   Thumb Code     0  startup_stm32f407xx.o(.text)
    EXTI4_IRQHandler                         0x080001bb   Thumb Code     0  startup_stm32f407xx.o(.text)
    EXTI9_5_IRQHandler                       0x080001bb   Thumb Code     0  startup_stm32f407xx.o(.text)
    FLASH_IRQHandler                         0x080001bb   Thumb Code     0  startup_stm32f407xx.o(.text)
    FMC_IRQHandler                           0x080001bb   Thumb Code     0  startup_stm32f407xx.o(.text)
    FPU_IRQHandler                           0x080001bb   Thumb Code     0  startup_stm32f407xx.o(.text)
    HASH_RNG_IRQHandler                      0x080001bb   Thumb Code     0  startup_stm32f407xx.o(.text)
    I2C1_ER_IRQHandler                       0x080001bb   Thumb Code     0  startup_stm32f407xx.o(.text)
    I2C1_EV_IRQHandler                       0x080001bb   Thumb Code     0  startup_stm32f407xx.o(.text)
    I2C2_ER_IRQHandler                       0x080001bb   Thumb Code     0  startup_stm32f407xx.o(.text)
    I2C2_EV_IRQHandler                       0x080001bb   Thumb Code     0  startup_stm32f407xx.o(.text)
    I2C3_ER_IRQHandler                       0x080001bb   Thumb Code     0  startup_stm32f407xx.o(.text)
    I2C3_EV_IRQHandler                       0x080001bb   Thumb Code     0  startup_stm32f407xx.o(.text)
    OTG_FS_IRQHandler                        0x080001bb   Thumb Code     0  startup_stm32f407xx.o(.text)
    OTG_FS_WKUP_IRQHandler                   0x080001bb   Thumb Code     0  startup_stm32f407xx.o(.text)
    OTG_HS_EP1_IN_IRQHandler                 0x080001bb   Thumb Code     0  startup_stm32f407xx.o(.text)
    OTG_HS_EP1_OUT_IRQHandler                0x080001bb   Thumb Code     0  startup_stm32f407xx.o(.text)
    OTG_HS_IRQHandler                        0x080001bb   Thumb Code     0  startup_stm32f407xx.o(.text)
    OTG_HS_WKUP_IRQHandler                   0x080001bb   Thumb Code     0  startup_stm32f407xx.o(.text)
    PVD_IRQHandler                           0x080001bb   Thumb Code     0  startup_stm32f407xx.o(.text)
    RCC_IRQHandler                           0x080001bb   Thumb Code     0  startup_stm32f407xx.o(.text)
    RTC_Alarm_IRQHandler                     0x080001bb   Thumb Code     0  startup_stm32f407xx.o(.text)
    RTC_WKUP_IRQHandler                      0x080001bb   Thumb Code     0  startup_stm32f407xx.o(.text)
    SDIO_IRQHandler                          0x080001bb   Thumb Code     0  startup_stm32f407xx.o(.text)
    SPI1_IRQHandler                          0x080001bb   Thumb Code     0  startup_stm32f407xx.o(.text)
    SPI2_IRQHandler                          0x080001bb   Thumb Code     0  startup_stm32f407xx.o(.text)
    SPI3_IRQHandler                          0x080001bb   Thumb Code     0  startup_stm32f407xx.o(.text)
    TAMP_STAMP_IRQHandler                    0x080001bb   Thumb Code     0  startup_stm32f407xx.o(.text)
    TIM1_BRK_TIM9_IRQHandler                 0x080001bb   Thumb Code     0  startup_stm32f407xx.o(.text)
    TIM1_CC_IRQHandler                       0x080001bb   Thumb Code     0  startup_stm32f407xx.o(.text)
    TIM1_TRG_COM_TIM11_IRQHandler            0x080001bb   Thumb Code     0  startup_stm32f407xx.o(.text)
    TIM1_UP_TIM10_IRQHandler                 0x080001bb   Thumb Code     0  startup_stm32f407xx.o(.text)
    TIM2_IRQHandler                          0x080001bb   Thumb Code     0  startup_stm32f407xx.o(.text)
    TIM3_IRQHandler                          0x080001bb   Thumb Code     0  startup_stm32f407xx.o(.text)
    TIM4_IRQHandler                          0x080001bb   Thumb Code     0  startup_stm32f407xx.o(.text)
    TIM5_IRQHandler                          0x080001bb   Thumb Code     0  startup_stm32f407xx.o(.text)
    TIM6_DAC_IRQHandler                      0x080001bb   Thumb Code     0  startup_stm32f407xx.o(.text)
    TIM7_IRQHandler                          0x080001bb   Thumb Code     0  startup_stm32f407xx.o(.text)
    TIM8_BRK_TIM12_IRQHandler                0x080001bb   Thumb Code     0  startup_stm32f407xx.o(.text)
    TIM8_CC_IRQHandler                       0x080001bb   Thumb Code     0  startup_stm32f407xx.o(.text)
    TIM8_TRG_COM_TIM14_IRQHandler            0x080001bb   Thumb Code     0  startup_stm32f407xx.o(.text)
    TIM8_UP_TIM13_IRQHandler                 0x080001bb   Thumb Code     0  startup_stm32f407xx.o(.text)
    UART4_IRQHandler                         0x080001bb   Thumb Code     0  startup_stm32f407xx.o(.text)
    UART5_IRQHandler                         0x080001bb   Thumb Code     0  startup_stm32f407xx.o(.text)
    USART1_IRQHandler                        0x080001bb   Thumb Code     0  startup_stm32f407xx.o(.text)
    USART3_IRQHandler                        0x080001bb   Thumb Code     0  startup_stm32f407xx.o(.text)
    USART6_IRQHandler                        0x080001bb   Thumb Code     0  startup_stm32f407xx.o(.text)
    WWDG_IRQHandler                          0x080001bb   Thumb Code     0  startup_stm32f407xx.o(.text)
    __aeabi_uldivmod                         0x080001c5   Thumb Code    98  uldiv.o(.text)
    tolower                                  0x08000227   Thumb Code    12  tolower.o(.text)
    __aeabi_memcpy                           0x08000233   Thumb Code    36  memcpya.o(.text)
    __aeabi_memcpy4                          0x08000233   Thumb Code     0  memcpya.o(.text)
    __aeabi_memcpy8                          0x08000233   Thumb Code     0  memcpya.o(.text)
    __aeabi_memset                           0x08000257   Thumb Code    14  memseta.o(.text)
    __aeabi_memset4                          0x08000257   Thumb Code     0  memseta.o(.text)
    __aeabi_memset8                          0x08000257   Thumb Code     0  memseta.o(.text)
    __aeabi_memclr                           0x08000265   Thumb Code     4  memseta.o(.text)
    __aeabi_memclr4                          0x08000265   Thumb Code     0  memseta.o(.text)
    __aeabi_memclr8                          0x08000265   Thumb Code     0  memseta.o(.text)
    _memset$wrapper                          0x08000269   Thumb Code    18  memseta.o(.text)
    strstr                                   0x0800027b   Thumb Code    36  strstr.o(.text)
    strlen                                   0x0800029f   Thumb Code    14  strlen.o(.text)
    strcmp                                   0x080002ad   Thumb Code    28  strcmp.o(.text)
    strcpy                                   0x080002c9   Thumb Code    18  strcpy.o(.text)
    __0sscanf                                0x080002dd   Thumb Code    48  __0sscanf.o(.text)
    _scanf_int                               0x08000315   Thumb Code   332  _scanf_int.o(.text)
    _scanf_real                              0x08000589   Thumb Code     0  scanf_fp.o(.text)
    _scanf_really_real                       0x08000589   Thumb Code   556  scanf_fp.o(.text)
    __aeabi_dadd                             0x080007c1   Thumb Code   322  dadd.o(.text)
    __aeabi_dsub                             0x08000903   Thumb Code     6  dadd.o(.text)
    __aeabi_drsub                            0x08000909   Thumb Code     6  dadd.o(.text)
    __aeabi_dmul                             0x0800090f   Thumb Code   228  dmul.o(.text)
    __aeabi_ddiv                             0x080009f3   Thumb Code   222  ddiv.o(.text)
    __aeabi_i2d                              0x08000ad1   Thumb Code    34  dflti.o(.text)
    __aeabi_ui2d                             0x08000af3   Thumb Code    26  dfltui.o(.text)
    __aeabi_d2iz                             0x08000b0d   Thumb Code    62  dfixi.o(.text)
    __aeabi_f2d                              0x08000b4b   Thumb Code    38  f2d.o(.text)
    __aeabi_cdcmpeq                          0x08000b71   Thumb Code     0  cdcmple.o(.text)
    __aeabi_cdcmple                          0x08000b71   Thumb Code    48  cdcmple.o(.text)
    __aeabi_cdrcmple                         0x08000ba1   Thumb Code    48  cdrcmple.o(.text)
    __aeabi_d2f                              0x08000bd1   Thumb Code    56  d2f.o(.text)
    __aeabi_uidiv                            0x08000c09   Thumb Code     0  uidiv.o(.text)
    __aeabi_uidivmod                         0x08000c09   Thumb Code    44  uidiv.o(.text)
    __aeabi_llsl                             0x08000c35   Thumb Code    30  llshl.o(.text)
    _ll_shift_l                              0x08000c35   Thumb Code     0  llshl.o(.text)
    __aeabi_llsr                             0x08000c53   Thumb Code    32  llushr.o(.text)
    _ll_ushift_r                             0x08000c53   Thumb Code     0  llushr.o(.text)
    __aeabi_lasr                             0x08000c73   Thumb Code    36  llsshr.o(.text)
    _ll_sshift_r                             0x08000c73   Thumb Code     0  llsshr.o(.text)
    _chval                                   0x08000c97   Thumb Code    28  _chval.o(.text)
    __vfscanf_char                           0x08000cc1   Thumb Code    20  scanf_char.o(.text)
    _sgetc                                   0x08000cdd   Thumb Code    30  _sgetc.o(.text)
    _sbackspace                              0x08000cfb   Thumb Code    34  _sgetc.o(.text)
    __I$use$fp                               0x08000d1d   Thumb Code     0  iusefp.o(.text)
    _float_round                             0x08000d1d   Thumb Code    18  fepilogue.o(.text)
    _float_epilogue                          0x08000d2f   Thumb Code    92  fepilogue.o(.text)
    _double_round                            0x08000d8b   Thumb Code    30  depilogue.o(.text)
    _double_epilogue                         0x08000da9   Thumb Code   156  depilogue.o(.text)
    __aeabi_ul2d                             0x08000e45   Thumb Code    24  dfltul.o(.text)
    __aeabi_d2ulz                            0x08000e5d   Thumb Code    48  dfixul.o(.text)
    __scatterload                            0x08000e8d   Thumb Code    28  init.o(.text)
    __scatterload_rt2                        0x08000e8d   Thumb Code     0  init.o(.text)
    isspace                                  0x08000eb1   Thumb Code    10  isspace_c.o(.text)
    __vfscanf                                0x08000ebd   Thumb Code   810  _scanf.o(.text)
    __ctype_lookup                           0x080011ed   Thumb Code    34  ctype_c.o(.text)
    ADC_Process_Function                     0x080013cd   Thumb Code   404  main.o(i.ADC_Process_Function)
    BusFault_Handler                         0x08001661   Thumb Code     2  stm32f4xx_it.o(i.BusFault_Handler)
    DMA1_Stream2_IRQHandler                  0x08001665   Thumb Code     6  stm32f4xx_it.o(i.DMA1_Stream2_IRQHandler)
    DMA1_Stream5_IRQHandler                  0x08001671   Thumb Code     6  stm32f4xx_it.o(i.DMA1_Stream5_IRQHandler)
    DMA2_Stream0_IRQHandler                  0x0800167d   Thumb Code     6  stm32f4xx_it.o(i.DMA2_Stream0_IRQHandler)
    DebugMon_Handler                         0x0800172d   Thumb Code     2  stm32f4xx_it.o(i.DebugMon_Handler)
    EC20_4G_Reset                            0x08001731   Thumb Code     6  ec20.o(i.EC20_4G_Reset)
    EC20_init_check                          0x08001749   Thumb Code  1948  ec20.o(i.EC20_init_check)
    Error_Handler                            0x08002089   Thumb Code     4  main.o(i.Error_Handler)
    Get                                      0x0800208d   Thumb Code     8  tim.o(i.Get)
    HAL_ADC_ConfigChannel                    0x08002099   Thumb Code   316  stm32f4xx_hal_adc.o(i.HAL_ADC_ConfigChannel)
    HAL_ADC_ConvCpltCallback                 0x080021e5   Thumb Code     2  stm32f4xx_hal_adc.o(i.HAL_ADC_ConvCpltCallback)
    HAL_ADC_ConvHalfCpltCallback             0x080021e7   Thumb Code     2  stm32f4xx_hal_adc.o(i.HAL_ADC_ConvHalfCpltCallback)
    HAL_ADC_ErrorCallback                    0x080021e9   Thumb Code     2  stm32f4xx_hal_adc.o(i.HAL_ADC_ErrorCallback)
    HAL_ADC_Init                             0x080021eb   Thumb Code    84  stm32f4xx_hal_adc.o(i.HAL_ADC_Init)
    HAL_ADC_MspInit                          0x08002241   Thumb Code   132  adc.o(i.HAL_ADC_MspInit)
    HAL_ADC_Start_DMA                        0x080022d9   Thumb Code   302  stm32f4xx_hal_adc.o(i.HAL_ADC_Start_DMA)
    HAL_DMA_Abort                            0x0800242d   Thumb Code   146  stm32f4xx_hal_dma.o(i.HAL_DMA_Abort)
    HAL_DMA_Abort_IT                         0x080024bf   Thumb Code    36  stm32f4xx_hal_dma.o(i.HAL_DMA_Abort_IT)
    HAL_DMA_IRQHandler                       0x080024e5   Thumb Code   412  stm32f4xx_hal_dma.o(i.HAL_DMA_IRQHandler)
    HAL_DMA_Init                             0x08002685   Thumb Code   206  stm32f4xx_hal_dma.o(i.HAL_DMA_Init)
    HAL_DMA_Start_IT                         0x08002759   Thumb Code   110  stm32f4xx_hal_dma.o(i.HAL_DMA_Start_IT)
    HAL_Delay                                0x080027c7   Thumb Code     6  delay.o(i.HAL_Delay)
    HAL_GPIO_Init                            0x080027cd   Thumb Code   450  stm32f4xx_hal_gpio.o(i.HAL_GPIO_Init)
    HAL_GPIO_ReadPin                         0x080029bd   Thumb Code    10  stm32f4xx_hal_gpio.o(i.HAL_GPIO_ReadPin)
    HAL_GPIO_WritePin                        0x080029c7   Thumb Code    10  stm32f4xx_hal_gpio.o(i.HAL_GPIO_WritePin)
    HAL_GetTick                              0x080029d1   Thumb Code     6  stm32f4xx_hal.o(i.HAL_GetTick)
    HAL_IncTick                              0x080029dd   Thumb Code    12  stm32f4xx_hal.o(i.HAL_IncTick)
    HAL_Init                                 0x080029ed   Thumb Code    48  stm32f4xx_hal.o(i.HAL_Init)
    HAL_InitTick                             0x08002a21   Thumb Code    54  stm32f4xx_hal.o(i.HAL_InitTick)
    HAL_MspInit                              0x08002a61   Thumb Code    48  stm32f4xx_hal_msp.o(i.HAL_MspInit)
    HAL_NVIC_EnableIRQ                       0x08002a95   Thumb Code    26  stm32f4xx_hal_cortex.o(i.HAL_NVIC_EnableIRQ)
    HAL_NVIC_SetPriority                     0x08002ab1   Thumb Code    60  stm32f4xx_hal_cortex.o(i.HAL_NVIC_SetPriority)
    HAL_NVIC_SetPriorityGrouping             0x08002af1   Thumb Code    26  stm32f4xx_hal_cortex.o(i.HAL_NVIC_SetPriorityGrouping)
    HAL_RCC_ClockConfig                      0x08002b15   Thumb Code   288  stm32f4xx_hal_rcc.o(i.HAL_RCC_ClockConfig)
    HAL_RCC_GetPCLK1Freq                     0x08002c49   Thumb Code    20  stm32f4xx_hal_rcc.o(i.HAL_RCC_GetPCLK1Freq)
    HAL_RCC_GetPCLK2Freq                     0x08002c69   Thumb Code    20  stm32f4xx_hal_rcc.o(i.HAL_RCC_GetPCLK2Freq)
    HAL_RCC_GetSysClockFreq                  0x08002c89   Thumb Code    88  stm32f4xx_hal_rcc.o(i.HAL_RCC_GetSysClockFreq)
    HAL_RCC_OscConfig                        0x08002ce9   Thumb Code   856  stm32f4xx_hal_rcc.o(i.HAL_RCC_OscConfig)
    HAL_SYSTICK_CLKSourceConfig              0x08003055   Thumb Code    24  stm32f4xx_hal_cortex.o(i.HAL_SYSTICK_CLKSourceConfig)
    HAL_SYSTICK_Config                       0x0800306d   Thumb Code    40  stm32f4xx_hal_cortex.o(i.HAL_SYSTICK_Config)
    HAL_TIMEx_MasterConfigSynchronization    0x08003095   Thumb Code   116  stm32f4xx_hal_tim_ex.o(i.HAL_TIMEx_MasterConfigSynchronization)
    HAL_TIM_Base_Init                        0x08003125   Thumb Code    90  stm32f4xx_hal_tim.o(i.HAL_TIM_Base_Init)
    HAL_TIM_Base_MspInit                     0x08003181   Thumb Code    30  tim.o(i.HAL_TIM_Base_MspInit)
    HAL_TIM_Base_Start_IT                    0x080031a9   Thumb Code   100  stm32f4xx_hal_tim.o(i.HAL_TIM_Base_Start_IT)
    HAL_TIM_Base_Stop_IT                     0x08003229   Thumb Code    48  stm32f4xx_hal_tim.o(i.HAL_TIM_Base_Stop_IT)
    HAL_UARTEx_RxEventCallback               0x08003259   Thumb Code     2  stm32f4xx_hal_uart.o(i.HAL_UARTEx_RxEventCallback)
    HAL_UART_DMAStop                         0x0800325b   Thumb Code   112  stm32f4xx_hal_uart.o(i.HAL_UART_DMAStop)
    HAL_UART_ErrorCallback                   0x080032cb   Thumb Code     2  stm32f4xx_hal_uart.o(i.HAL_UART_ErrorCallback)
    HAL_UART_IRQHandler                      0x080032cd   Thumb Code   610  stm32f4xx_hal_uart.o(i.HAL_UART_IRQHandler)
    HAL_UART_Init                            0x08003535   Thumb Code    98  stm32f4xx_hal_uart.o(i.HAL_UART_Init)
    HAL_UART_MspInit                         0x08003599   Thumb Code   348  usart.o(i.HAL_UART_MspInit)
    HAL_UART_Receive_DMA                     0x08003715   Thumb Code    42  stm32f4xx_hal_uart.o(i.HAL_UART_Receive_DMA)
    HAL_UART_Receive_IT                      0x0800373f   Thumb Code    42  stm32f4xx_hal_uart.o(i.HAL_UART_Receive_IT)
    HAL_UART_RxCpltCallback                  0x08003769   Thumb Code   454  usart.o(i.HAL_UART_RxCpltCallback)
    HAL_UART_RxHalfCpltCallback              0x0800396d   Thumb Code     2  stm32f4xx_hal_uart.o(i.HAL_UART_RxHalfCpltCallback)
    HAL_UART_Transmit                        0x08003971   Thumb Code   178  stm32f4xx_hal_uart.o(i.HAL_UART_Transmit)
    HAL_UART_TxCpltCallback                  0x08003a23   Thumb Code     2  stm32f4xx_hal_uart.o(i.HAL_UART_TxCpltCallback)
    HCSR04_Detect                            0x08003a25   Thumb Code    22  main.o(i.HCSR04_Detect)
    HCSR04_measure                           0x08003a55   Thumb Code    38  tim.o(i.HCSR04_measure)
    HardFault_Handler                        0x08003a81   Thumb Code     2  stm32f4xx_it.o(i.HardFault_Handler)
    JY61P_Output                             0x08003a85   Thumb Code   148  main.o(i.JY61P_Output)
    MX_ADC1_Init                             0x08003bad   Thumb Code   188  adc.o(i.MX_ADC1_Init)
    MX_DMA_Init                              0x08003c75   Thumb Code    88  dma.o(i.MX_DMA_Init)
    MX_GPIO_Init                             0x08003cd1   Thumb Code   182  gpio.o(i.MX_GPIO_Init)
    MX_TIM6_Init                             0x08003d95   Thumb Code    62  tim.o(i.MX_TIM6_Init)
    MX_UART4_Init                            0x08003ddd   Thumb Code    48  usart.o(i.MX_UART4_Init)
    MX_USART1_UART_Init                      0x08003e15   Thumb Code    48  usart.o(i.MX_USART1_UART_Init)
    MX_USART2_UART_Init                      0x08003e4d   Thumb Code    48  usart.o(i.MX_USART2_UART_Init)
    MemManage_Handler                        0x08003e85   Thumb Code     2  stm32f4xx_it.o(i.MemManage_Handler)
    Mqtt_Senddata                            0x08003e89   Thumb Code   940  ec20.o(i.Mqtt_Senddata)
    NMI_Handler                              0x080043c9   Thumb Code     2  stm32f4xx_it.o(i.NMI_Handler)
    PARSE_GPRMC                              0x080043cd   Thumb Code   208  ec20.o(i.PARSE_GPRMC)
    PH_check                                 0x080044d5   Thumb Code    32  main.o(i.PH_check)
    Parse_UTCTime                            0x080044fd   Thumb Code    50  ec20.o(i.Parse_UTCTime)
    Parse_gps_data                           0x08004555   Thumb Code   266  ec20.o(i.Parse_gps_data)
    PendSV_Handler                           0x0800469d   Thumb Code     2  stm32f4xx_it.o(i.PendSV_Handler)
    SVC_Handler                              0x0800469f   Thumb Code     2  stm32f4xx_it.o(i.SVC_Handler)
    Start                                    0x080046a1   Thumb Code    34  tim.o(i.Start)
    SysTick_Handler                          0x080046c9   Thumb Code     4  stm32f4xx_it.o(i.SysTick_Handler)
    SystemClock_Config                       0x080046cd   Thumb Code   142  main.o(i.SystemClock_Config)
    SystemInit                               0x08004765   Thumb Code    12  system_stm32f4xx.o(i.SystemInit)
    TIM_Base_SetConfig                       0x08004775   Thumb Code   156  stm32f4xx_hal_tim.o(i.TIM_Base_SetConfig)
    UART_Start_Receive_DMA                   0x08004b69   Thumb Code   134  stm32f4xx_hal_uart.o(i.UART_Start_Receive_DMA)
    UART_Start_Receive_IT                    0x08004bfd   Thumb Code    58  stm32f4xx_hal_uart.o(i.UART_Start_Receive_IT)
    USART2_IRQHandler                        0x08004cb1   Thumb Code    18  stm32f4xx_it.o(i.USART2_IRQHandler)
    USER_UART2_IRQHander                     0x08004cc9   Thumb Code    40  usart.o(i.USER_UART2_IRQHander)
    USER_USART2_IDLECallback                 0x08004cf9   Thumb Code    44  usart.o(i.USER_USART2_IDLECallback)
    UsageFault_Handler                       0x08004d31   Thumb Code     2  stm32f4xx_it.o(i.UsageFault_Handler)
    __0printf                                0x08004d35   Thumb Code    22  printfa.o(i.__0printf)
    __1printf                                0x08004d35   Thumb Code     0  printfa.o(i.__0printf)
    __2printf                                0x08004d35   Thumb Code     0  printfa.o(i.__0printf)
    __c89printf                              0x08004d35   Thumb Code     0  printfa.o(i.__0printf)
    printf                                   0x08004d35   Thumb Code     0  printfa.o(i.__0printf)
    __0sprintf                               0x08004d55   Thumb Code    34  printfa.o(i.__0sprintf)
    __1sprintf                               0x08004d55   Thumb Code     0  printfa.o(i.__0sprintf)
    __2sprintf                               0x08004d55   Thumb Code     0  printfa.o(i.__0sprintf)
    __c89sprintf                             0x08004d55   Thumb Code     0  printfa.o(i.__0sprintf)
    sprintf                                  0x08004d55   Thumb Code     0  printfa.o(i.__0sprintf)
    __0vsnprintf                             0x08004d7d   Thumb Code    46  printfa.o(i.__0vsnprintf)
    __1vsnprintf                             0x08004d7d   Thumb Code     0  printfa.o(i.__0vsnprintf)
    __2vsnprintf                             0x08004d7d   Thumb Code     0  printfa.o(i.__0vsnprintf)
    __c89vsnprintf                           0x08004d7d   Thumb Code     0  printfa.o(i.__0vsnprintf)
    vsnprintf                                0x08004d7d   Thumb Code     0  printfa.o(i.__0vsnprintf)
    free                                     0x08004dd1   Thumb Code    88  mallocr.o(i.__free$realloc)
    __hardfp_fabs                            0x08004e2d   Thumb Code    20  fabs.o(i.__hardfp_fabs)
    __hardfp_floor                           0x08004e41   Thumb Code   252  floor.o(i.__hardfp_floor)
    malloc                                   0x08004f59   Thumb Code    64  mallocr.o(i.__malloc$realloc)
    __scatterload_copy                       0x08004fa9   Thumb Code    14  handlers.o(i.__scatterload_copy)
    __scatterload_null                       0x08004fb7   Thumb Code     2  handlers.o(i.__scatterload_null)
    __scatterload_zeroinit                   0x08004fb9   Thumb Code    14  handlers.o(i.__scatterload_zeroinit)
    _is_digit                                0x0800514d   Thumb Code    14  scanf_fp.o(i._is_digit)
    cJSON_AddItemToObject                    0x08005909   Thumb Code    14  cjson.o(i.cJSON_AddItemToObject)
    cJSON_CreateNumber                       0x0800591d   Thumb Code    98  cjson.o(i.cJSON_CreateNumber)
    cJSON_CreateObject                       0x08005995   Thumb Code    18  cjson.o(i.cJSON_CreateObject)
    cJSON_CreateString                       0x080059ad   Thumb Code    44  cjson.o(i.cJSON_CreateString)
    cJSON_Delete                             0x080059dd   Thumb Code    66  cjson.o(i.cJSON_Delete)
    cJSON_GetObjectItem                      0x08005a25   Thumb Code     6  cjson.o(i.cJSON_GetObjectItem)
    cJSON_PrintUnformatted                   0x08005a41   Thumb Code     8  cjson.o(i.cJSON_PrintUnformatted)
    cJSON_SetNumberHelper                    0x08005a4d   Thumb Code    92  cjson.o(i.cJSON_SetNumberHelper)
    delay_init                               0x08005b99   Thumb Code    16  delay.o(i.delay_init)
    delay_ms                                 0x08005bad   Thumb Code    54  delay.o(i.delay_ms)
    delay_us                                 0x08005be9   Thumb Code    48  delay.o(i.delay_us)
    dht11_check                              0x08005c1d   Thumb Code    88  dht11.o(i.dht11_check)
    dht11_read_bit                           0x08005c79   Thumb Code    86  dht11.o(i.dht11_read_bit)
    dht11_read_data                          0x08005cd5   Thumb Code   102  dht11.o(i.dht11_read_data)
    for_delay_us                             0x08005df7   Thumb Code    16  tim.o(i.for_delay_us)
    fputc                                    0x08005e09   Thumb Code    18  usart.o(i.fputc)
    get_stop                                 0x08005e9d   Thumb Code    30  tim.o(i.get_stop)
    main                                     0x08005f11   Thumb Code   214  main.o(i.main)
    printf1                                  0x080065ad   Thumb Code    68  usart.o(i.printf1)
    raindrop_check                           0x080065f5   Thumb Code    54  main.o(i.raindrop_check)
    realloc                                  0x08006639   Thumb Code   102  mallocr.o(i.realloc)
    sendcmd                                  0x080066a5   Thumb Code    34  usart.o(i.sendcmd)
    start                                    0x080066d1   Thumb Code    14  tim.o(i.start)
    turbidity_check                          0x080066e5   Thumb Code    16  main.o(i.turbidity_check)
    wind_direction_check                     0x08006719   Thumb Code    16  main.o(i.wind_direction_check)
    AHBPrescTable                            0x08006738   Data          16  system_stm32f4xx.o(.constdata)
    APBPrescTable                            0x08006748   Data           8  system_stm32f4xx.o(.constdata)
    __ctype_categories                       0x08006750   Data          64  ctype_c.o(.constdata)
    Region$$Table$$Base                      0x080067d4   Number         0  anon$$obj.o(Region$$Table)
    Region$$Table$$Limit                     0x080067f4   Number         0  anon$$obj.o(Region$$Table)
    temperature                              0x20000001   Data           1  main.o(.data)
    humidity                                 0x20000002   Data           1  main.o(.data)
    YAWCMD1                                  0x20000003   Data           3  main.o(.data)
    ACCCMD1                                  0x20000006   Data           3  main.o(.data)
    dta                                      0x20000010   Data           4  tim.o(.data)
    USART2_RX_Flag                           0x20000014   Data           1  usart.o(.data)
    USART1_SingleByte                        0x20000016   Data           1  usart.o(.data)
    USART1_RX_STA                            0x20000018   Data           2  usart.o(.data)
    USART2_RX_STA                            0x2000001a   Data           2  usart.o(.data)
    __stdout                                 0x2000001c   Data           4  usart.o(.data)
    uwTickFreq                               0x20000020   Data           1  stm32f4xx_hal.o(.data)
    uwTickPrio                               0x20000024   Data           4  stm32f4xx_hal.o(.data)
    uwTick                                   0x20000028   Data           4  stm32f4xx_hal.o(.data)
    SystemCoreClock                          0x2000002c   Data           4  system_stm32f4xx.o(.data)
    windspeed                                0x2000003c   Data           4  ec20.o(.data)
    winddirection                            0x20000040   Data           4  ec20.o(.data)
    turbidity                                0x20000044   Data           4  ec20.o(.data)
    ph                                       0x20000048   Data           4  ec20.o(.data)
    raindrop                                 0x2000004c   Data           4  ec20.o(.data)
    pitch                                    0x20000050   Data           4  ec20.o(.data)
    roll                                     0x20000054   Data           4  ec20.o(.data)
    yaw                                      0x20000058   Data           4  ec20.o(.data)
    distance                                 0x2000005c   Data           4  ec20.o(.data)
    waterlevel                               0x20000060   Data           4  ec20.o(.data)
    latitude                                 0x20000068   Data           8  ec20.o(.data)
    longitude                                0x20000070   Data           8  ec20.o(.data)
    __microlib_freelist                      0x2000008c   Data           4  mvars.o(.data)
    __microlib_freelist_initialised          0x20000090   Data           4  mvars.o(.data)
    Adc_buffer                               0x20000094   Data          12  main.o(.bss)
    hadc1                                    0x200000a0   Data          72  adc.o(.bss)
    hdma_adc1                                0x200000e8   Data          96  adc.o(.bss)
    htim6                                    0x20000148   Data          72  tim.o(.bss)
    USART1_RX_BUF                            0x20000190   Data         200  usart.o(.bss)
    USART2_RX_BUF                            0x20000258   Data         400  usart.o(.bss)
    UART4_RX_BUF                             0x200003e8   Data          33  usart.o(.bss)
    huart4                                   0x2000040c   Data          68  usart.o(.bss)
    huart1                                   0x20000450   Data          68  usart.o(.bss)
    huart2                                   0x20000494   Data          68  usart.o(.bss)
    hdma_uart4_rx                            0x200004d8   Data          96  usart.o(.bss)
    hdma_usart2_rx                           0x20000538   Data          96  usart.o(.bss)
    JY61                                     0x20000598   Data          36  usart.o(.bss)
    GPRMC                                    0x200005c0   Data          72  ec20.o(.bss)
    __heap_base                              0x20000608   Data           0  startup_stm32f407xx.o(HEAP)
    __heap_limit                             0x20001208   Data           0  startup_stm32f407xx.o(HEAP)
    __initial_sp                             0x20001608   Data           0  startup_stm32f407xx.o(STACK)



==============================================================================

Memory Map of the image

  Image Entry point : 0x08000189

  Load Region LR_IROM1 (Base: 0x08000000, Size: 0x00006888, Max: 0x00100000, ABSOLUTE)

    Execution Region ER_IROM1 (Exec base: 0x08000000, Load base: 0x08000000, Size: 0x000067f4, Max: 0x00100000, ABSOLUTE)

    Exec Addr    Load Addr    Size         Type   Attr      Idx    E Section Name        Object

    0x08000000   0x08000000   0x00000188   Data   RO            3    RESET               startup_stm32f407xx.o
    0x08000188   0x08000188   0x00000000   Code   RO         4522  * .ARM.Collect$$$$00000000  mc_w.l(entry.o)
    0x08000188   0x08000188   0x00000004   Code   RO         4868    .ARM.Collect$$$$00000001  mc_w.l(entry2.o)
    0x0800018c   0x0800018c   0x00000004   Code   RO         4871    .ARM.Collect$$$$00000004  mc_w.l(entry5.o)
    0x08000190   0x08000190   0x00000000   Code   RO         4873    .ARM.Collect$$$$00000008  mc_w.l(entry7b.o)
    0x08000190   0x08000190   0x00000000   Code   RO         4875    .ARM.Collect$$$$0000000A  mc_w.l(entry8b.o)
    0x08000190   0x08000190   0x00000008   Code   RO         4876    .ARM.Collect$$$$0000000B  mc_w.l(entry9a.o)
    0x08000198   0x08000198   0x00000004   Code   RO         4883    .ARM.Collect$$$$0000000E  mc_w.l(entry12b.o)
    0x0800019c   0x0800019c   0x00000000   Code   RO         4878    .ARM.Collect$$$$0000000F  mc_w.l(entry10a.o)
    0x0800019c   0x0800019c   0x00000000   Code   RO         4880    .ARM.Collect$$$$00000011  mc_w.l(entry11a.o)
    0x0800019c   0x0800019c   0x00000004   Code   RO         4869    .ARM.Collect$$$$00002712  mc_w.l(entry2.o)
    0x080001a0   0x080001a0   0x00000024   Code   RO            4    .text               startup_stm32f407xx.o
    0x080001c4   0x080001c4   0x00000062   Code   RO         4525    .text               mc_w.l(uldiv.o)
    0x08000226   0x08000226   0x0000000c   Code   RO         4527    .text               mc_w.l(tolower.o)
    0x08000232   0x08000232   0x00000024   Code   RO         4529    .text               mc_w.l(memcpya.o)
    0x08000256   0x08000256   0x00000024   Code   RO         4531    .text               mc_w.l(memseta.o)
    0x0800027a   0x0800027a   0x00000024   Code   RO         4535    .text               mc_w.l(strstr.o)
    0x0800029e   0x0800029e   0x0000000e   Code   RO         4539    .text               mc_w.l(strlen.o)
    0x080002ac   0x080002ac   0x0000001c   Code   RO         4541    .text               mc_w.l(strcmp.o)
    0x080002c8   0x080002c8   0x00000012   Code   RO         4543    .text               mc_w.l(strcpy.o)
    0x080002da   0x080002da   0x00000002   PAD
    0x080002dc   0x080002dc   0x00000038   Code   RO         4840    .text               mc_w.l(__0sscanf.o)
    0x08000314   0x08000314   0x0000014c   Code   RO         4842    .text               mc_w.l(_scanf_int.o)
    0x08000460   0x08000460   0x00000360   Code   RO         4844    .text               mc_w.l(scanf_fp.o)
    0x080007c0   0x080007c0   0x0000014e   Code   RO         4848    .text               mf_w.l(dadd.o)
    0x0800090e   0x0800090e   0x000000e4   Code   RO         4850    .text               mf_w.l(dmul.o)
    0x080009f2   0x080009f2   0x000000de   Code   RO         4852    .text               mf_w.l(ddiv.o)
    0x08000ad0   0x08000ad0   0x00000022   Code   RO         4854    .text               mf_w.l(dflti.o)
    0x08000af2   0x08000af2   0x0000001a   Code   RO         4856    .text               mf_w.l(dfltui.o)
    0x08000b0c   0x08000b0c   0x0000003e   Code   RO         4858    .text               mf_w.l(dfixi.o)
    0x08000b4a   0x08000b4a   0x00000026   Code   RO         4860    .text               mf_w.l(f2d.o)
    0x08000b70   0x08000b70   0x00000030   Code   RO         4862    .text               mf_w.l(cdcmple.o)
    0x08000ba0   0x08000ba0   0x00000030   Code   RO         4864    .text               mf_w.l(cdrcmple.o)
    0x08000bd0   0x08000bd0   0x00000038   Code   RO         4866    .text               mf_w.l(d2f.o)
    0x08000c08   0x08000c08   0x0000002c   Code   RO         4884    .text               mc_w.l(uidiv.o)
    0x08000c34   0x08000c34   0x0000001e   Code   RO         4886    .text               mc_w.l(llshl.o)
    0x08000c52   0x08000c52   0x00000020   Code   RO         4888    .text               mc_w.l(llushr.o)
    0x08000c72   0x08000c72   0x00000024   Code   RO         4890    .text               mc_w.l(llsshr.o)
    0x08000c96   0x08000c96   0x0000001c   Code   RO         4894    .text               mc_w.l(_chval.o)
    0x08000cb2   0x08000cb2   0x00000002   PAD
    0x08000cb4   0x08000cb4   0x00000028   Code   RO         4896    .text               mc_w.l(scanf_char.o)
    0x08000cdc   0x08000cdc   0x00000040   Code   RO         4898    .text               mc_w.l(_sgetc.o)
    0x08000d1c   0x08000d1c   0x00000000   Code   RO         4902    .text               mc_w.l(iusefp.o)
    0x08000d1c   0x08000d1c   0x0000006e   Code   RO         4903    .text               mf_w.l(fepilogue.o)
    0x08000d8a   0x08000d8a   0x000000ba   Code   RO         4905    .text               mf_w.l(depilogue.o)
    0x08000e44   0x08000e44   0x00000018   Code   RO         4907    .text               mf_w.l(dfltul.o)
    0x08000e5c   0x08000e5c   0x00000030   Code   RO         4909    .text               mf_w.l(dfixul.o)
    0x08000e8c   0x08000e8c   0x00000024   Code   RO         4911    .text               mc_w.l(init.o)
    0x08000eb0   0x08000eb0   0x0000000a   Code   RO         4913    .text               mc_w.l(isspace_c.o)
    0x08000eba   0x08000eba   0x00000002   PAD
    0x08000ebc   0x08000ebc   0x00000330   Code   RO         4915    .text               mc_w.l(_scanf.o)
    0x080011ec   0x080011ec   0x00000028   Code   RO         4917    .text               mc_w.l(ctype_c.o)
    0x08001214   0x08001214   0x0000006e   Code   RO          654    i.ADC_DMAConvCplt   stm32f4xx_hal_adc.o
    0x08001282   0x08001282   0x00000016   Code   RO          655    i.ADC_DMAError      stm32f4xx_hal_adc.o
    0x08001298   0x08001298   0x0000000a   Code   RO          656    i.ADC_DMAHalfConvCplt  stm32f4xx_hal_adc.o
    0x080012a2   0x080012a2   0x00000002   PAD
    0x080012a4   0x080012a4   0x00000128   Code   RO          657    i.ADC_Init          stm32f4xx_hal_adc.o
    0x080013cc   0x080013cc   0x00000294   Code   RO           13    i.ADC_Process_Function  main.o
    0x08001660   0x08001660   0x00000002   Code   RO          530    i.BusFault_Handler  stm32f4xx_it.o
    0x08001662   0x08001662   0x00000002   PAD
    0x08001664   0x08001664   0x0000000c   Code   RO          531    i.DMA1_Stream2_IRQHandler  stm32f4xx_it.o
    0x08001670   0x08001670   0x0000000c   Code   RO          532    i.DMA1_Stream5_IRQHandler  stm32f4xx_it.o
    0x0800167c   0x0800167c   0x0000000c   Code   RO          533    i.DMA2_Stream0_IRQHandler  stm32f4xx_it.o
    0x08001688   0x08001688   0x00000028   Code   RO         1391    i.DMA_CalcBaseAndBitshift  stm32f4xx_hal_dma.o
    0x080016b0   0x080016b0   0x00000054   Code   RO         1392    i.DMA_CheckFifoParam  stm32f4xx_hal_dma.o
    0x08001704   0x08001704   0x00000028   Code   RO         1393    i.DMA_SetConfig     stm32f4xx_hal_dma.o
    0x0800172c   0x0800172c   0x00000002   Code   RO          534    i.DebugMon_Handler  stm32f4xx_it.o
    0x0800172e   0x0800172e   0x00000002   PAD
    0x08001730   0x08001730   0x00000018   Code   RO         3605    i.EC20_4G_Reset     ec20.o
    0x08001748   0x08001748   0x00000940   Code   RO         3606    i.EC20_init_check   ec20.o
    0x08002088   0x08002088   0x00000004   Code   RO           14    i.Error_Handler     main.o
    0x0800208c   0x0800208c   0x0000000c   Code   RO          328    i.Get               tim.o
    0x08002098   0x08002098   0x0000014c   Code   RO          659    i.HAL_ADC_ConfigChannel  stm32f4xx_hal_adc.o
    0x080021e4   0x080021e4   0x00000002   Code   RO          660    i.HAL_ADC_ConvCpltCallback  stm32f4xx_hal_adc.o
    0x080021e6   0x080021e6   0x00000002   Code   RO          661    i.HAL_ADC_ConvHalfCpltCallback  stm32f4xx_hal_adc.o
    0x080021e8   0x080021e8   0x00000002   Code   RO          663    i.HAL_ADC_ErrorCallback  stm32f4xx_hal_adc.o
    0x080021ea   0x080021ea   0x00000054   Code   RO          668    i.HAL_ADC_Init      stm32f4xx_hal_adc.o
    0x0800223e   0x0800223e   0x00000002   PAD
    0x08002240   0x08002240   0x00000098   Code   RO          263    i.HAL_ADC_MspInit   adc.o
    0x080022d8   0x080022d8   0x00000154   Code   RO          675    i.HAL_ADC_Start_DMA  stm32f4xx_hal_adc.o
    0x0800242c   0x0800242c   0x00000092   Code   RO         1394    i.HAL_DMA_Abort     stm32f4xx_hal_dma.o
    0x080024be   0x080024be   0x00000024   Code   RO         1395    i.HAL_DMA_Abort_IT  stm32f4xx_hal_dma.o
    0x080024e2   0x080024e2   0x00000002   PAD
    0x080024e4   0x080024e4   0x000001a0   Code   RO         1399    i.HAL_DMA_IRQHandler  stm32f4xx_hal_dma.o
    0x08002684   0x08002684   0x000000d4   Code   RO         1400    i.HAL_DMA_Init      stm32f4xx_hal_dma.o
    0x08002758   0x08002758   0x0000006e   Code   RO         1404    i.HAL_DMA_Start_IT  stm32f4xx_hal_dma.o
    0x080027c6   0x080027c6   0x00000006   Code   RO         3482    i.HAL_Delay         delay.o
    0x080027cc   0x080027cc   0x000001f0   Code   RO         1287    i.HAL_GPIO_Init     stm32f4xx_hal_gpio.o
    0x080029bc   0x080029bc   0x0000000a   Code   RO         1289    i.HAL_GPIO_ReadPin  stm32f4xx_hal_gpio.o
    0x080029c6   0x080029c6   0x0000000a   Code   RO         1291    i.HAL_GPIO_WritePin  stm32f4xx_hal_gpio.o
    0x080029d0   0x080029d0   0x0000000c   Code   RO         1819    i.HAL_GetTick       stm32f4xx_hal.o
    0x080029dc   0x080029dc   0x00000010   Code   RO         1825    i.HAL_IncTick       stm32f4xx_hal.o
    0x080029ec   0x080029ec   0x00000034   Code   RO         1826    i.HAL_Init          stm32f4xx_hal.o
    0x08002a20   0x08002a20   0x00000040   Code   RO         1827    i.HAL_InitTick      stm32f4xx_hal.o
    0x08002a60   0x08002a60   0x00000034   Code   RO          630    i.HAL_MspInit       stm32f4xx_hal_msp.o
    0x08002a94   0x08002a94   0x0000001a   Code   RO         1676    i.HAL_NVIC_EnableIRQ  stm32f4xx_hal_cortex.o
    0x08002aae   0x08002aae   0x00000002   PAD
    0x08002ab0   0x08002ab0   0x00000040   Code   RO         1682    i.HAL_NVIC_SetPriority  stm32f4xx_hal_cortex.o
    0x08002af0   0x08002af0   0x00000024   Code   RO         1683    i.HAL_NVIC_SetPriorityGrouping  stm32f4xx_hal_cortex.o
    0x08002b14   0x08002b14   0x00000134   Code   RO          933    i.HAL_RCC_ClockConfig  stm32f4xx_hal_rcc.o
    0x08002c48   0x08002c48   0x00000020   Code   RO          940    i.HAL_RCC_GetPCLK1Freq  stm32f4xx_hal_rcc.o
    0x08002c68   0x08002c68   0x00000020   Code   RO          941    i.HAL_RCC_GetPCLK2Freq  stm32f4xx_hal_rcc.o
    0x08002c88   0x08002c88   0x00000060   Code   RO          942    i.HAL_RCC_GetSysClockFreq  stm32f4xx_hal_rcc.o
    0x08002ce8   0x08002ce8   0x0000036c   Code   RO          945    i.HAL_RCC_OscConfig  stm32f4xx_hal_rcc.o
    0x08003054   0x08003054   0x00000018   Code   RO         1685    i.HAL_SYSTICK_CLKSourceConfig  stm32f4xx_hal_cortex.o
    0x0800306c   0x0800306c   0x00000028   Code   RO         1687    i.HAL_SYSTICK_Config  stm32f4xx_hal_cortex.o
    0x08003094   0x08003094   0x00000090   Code   RO         2789    i.HAL_TIMEx_MasterConfigSynchronization  stm32f4xx_hal_tim_ex.o
    0x08003124   0x08003124   0x0000005a   Code   RO         2066    i.HAL_TIM_Base_Init  stm32f4xx_hal_tim.o
    0x0800317e   0x0800317e   0x00000002   PAD
    0x08003180   0x08003180   0x00000028   Code   RO          330    i.HAL_TIM_Base_MspInit  tim.o
    0x080031a8   0x080031a8   0x00000080   Code   RO         2071    i.HAL_TIM_Base_Start_IT  stm32f4xx_hal_tim.o
    0x08003228   0x08003228   0x00000030   Code   RO         2074    i.HAL_TIM_Base_Stop_IT  stm32f4xx_hal_tim.o
    0x08003258   0x08003258   0x00000002   Code   RO         3048    i.HAL_UARTEx_RxEventCallback  stm32f4xx_hal_uart.o
    0x0800325a   0x0800325a   0x00000070   Code   RO         3060    i.HAL_UART_DMAStop  stm32f4xx_hal_uart.o
    0x080032ca   0x080032ca   0x00000002   Code   RO         3062    i.HAL_UART_ErrorCallback  stm32f4xx_hal_uart.o
    0x080032cc   0x080032cc   0x00000268   Code   RO         3065    i.HAL_UART_IRQHandler  stm32f4xx_hal_uart.o
    0x08003534   0x08003534   0x00000062   Code   RO         3066    i.HAL_UART_Init     stm32f4xx_hal_uart.o
    0x08003596   0x08003596   0x00000002   PAD
    0x08003598   0x08003598   0x0000017c   Code   RO          404    i.HAL_UART_MspInit  usart.o
    0x08003714   0x08003714   0x0000002a   Code   RO         3070    i.HAL_UART_Receive_DMA  stm32f4xx_hal_uart.o
    0x0800373e   0x0800373e   0x0000002a   Code   RO         3071    i.HAL_UART_Receive_IT  stm32f4xx_hal_uart.o
    0x08003768   0x08003768   0x00000204   Code   RO          405    i.HAL_UART_RxCpltCallback  usart.o
    0x0800396c   0x0800396c   0x00000002   Code   RO         3073    i.HAL_UART_RxHalfCpltCallback  stm32f4xx_hal_uart.o
    0x0800396e   0x0800396e   0x00000002   PAD
    0x08003970   0x08003970   0x000000b2   Code   RO         3074    i.HAL_UART_Transmit  stm32f4xx_hal_uart.o
    0x08003a22   0x08003a22   0x00000002   Code   RO         3077    i.HAL_UART_TxCpltCallback  stm32f4xx_hal_uart.o
    0x08003a24   0x08003a24   0x00000030   Code   RO           15    i.HCSR04_Detect     main.o
    0x08003a54   0x08003a54   0x0000002c   Code   RO          331    i.HCSR04_measure    tim.o
    0x08003a80   0x08003a80   0x00000002   Code   RO          535    i.HardFault_Handler  stm32f4xx_it.o
    0x08003a82   0x08003a82   0x00000002   PAD
    0x08003a84   0x08003a84   0x00000128   Code   RO           16    i.JY61P_Output      main.o
    0x08003bac   0x08003bac   0x000000c8   Code   RO          264    i.MX_ADC1_Init      adc.o
    0x08003c74   0x08003c74   0x0000005c   Code   RO          304    i.MX_DMA_Init       dma.o
    0x08003cd0   0x08003cd0   0x000000c4   Code   RO          238    i.MX_GPIO_Init      gpio.o
    0x08003d94   0x08003d94   0x00000048   Code   RO          332    i.MX_TIM6_Init      tim.o
    0x08003ddc   0x08003ddc   0x00000038   Code   RO          406    i.MX_UART4_Init     usart.o
    0x08003e14   0x08003e14   0x00000038   Code   RO          407    i.MX_USART1_UART_Init  usart.o
    0x08003e4c   0x08003e4c   0x00000038   Code   RO          408    i.MX_USART2_UART_Init  usart.o
    0x08003e84   0x08003e84   0x00000002   Code   RO          536    i.MemManage_Handler  stm32f4xx_it.o
    0x08003e86   0x08003e86   0x00000002   PAD
    0x08003e88   0x08003e88   0x00000540   Code   RO         3608    i.Mqtt_Senddata     ec20.o
    0x080043c8   0x080043c8   0x00000002   Code   RO          537    i.NMI_Handler       stm32f4xx_it.o
    0x080043ca   0x080043ca   0x00000002   PAD
    0x080043cc   0x080043cc   0x00000108   Code   RO         3609    i.PARSE_GPRMC       ec20.o
    0x080044d4   0x080044d4   0x00000028   Code   RO           17    i.PH_check          main.o
    0x080044fc   0x080044fc   0x00000058   Code   RO         3610    i.Parse_UTCTime     ec20.o
    0x08004554   0x08004554   0x00000148   Code   RO         3611    i.Parse_gps_data    ec20.o
    0x0800469c   0x0800469c   0x00000002   Code   RO          538    i.PendSV_Handler    stm32f4xx_it.o
    0x0800469e   0x0800469e   0x00000002   Code   RO          539    i.SVC_Handler       stm32f4xx_it.o
    0x080046a0   0x080046a0   0x00000028   Code   RO          333    i.Start             tim.o
    0x080046c8   0x080046c8   0x00000004   Code   RO          540    i.SysTick_Handler   stm32f4xx_it.o
    0x080046cc   0x080046cc   0x00000098   Code   RO           18    i.SystemClock_Config  main.o
    0x08004764   0x08004764   0x00000010   Code   RO         3395    i.SystemInit        system_stm32f4xx.o
    0x08004774   0x08004774   0x000000c8   Code   RO         2159    i.TIM_Base_SetConfig  stm32f4xx_hal_tim.o
    0x0800483c   0x0800483c   0x00000010   Code   RO         3079    i.UART_DMAAbortOnError  stm32f4xx_hal_uart.o
    0x0800484c   0x0800484c   0x0000004a   Code   RO         3080    i.UART_DMAError     stm32f4xx_hal_uart.o
    0x08004896   0x08004896   0x00000082   Code   RO         3081    i.UART_DMAReceiveCplt  stm32f4xx_hal_uart.o
    0x08004918   0x08004918   0x0000001a   Code   RO         3083    i.UART_DMARxHalfCplt  stm32f4xx_hal_uart.o
    0x08004932   0x08004932   0x0000004e   Code   RO         3089    i.UART_EndRxTransfer  stm32f4xx_hal_uart.o
    0x08004980   0x08004980   0x0000001c   Code   RO         3090    i.UART_EndTxTransfer  stm32f4xx_hal_uart.o
    0x0800499c   0x0800499c   0x000000c0   Code   RO         3091    i.UART_Receive_IT   stm32f4xx_hal_uart.o
    0x08004a5c   0x08004a5c   0x0000010c   Code   RO         3092    i.UART_SetConfig    stm32f4xx_hal_uart.o
    0x08004b68   0x08004b68   0x00000094   Code   RO         3093    i.UART_Start_Receive_DMA  stm32f4xx_hal_uart.o
    0x08004bfc   0x08004bfc   0x0000003a   Code   RO         3094    i.UART_Start_Receive_IT  stm32f4xx_hal_uart.o
    0x08004c36   0x08004c36   0x00000078   Code   RO         3095    i.UART_WaitOnFlagUntilTimeout  stm32f4xx_hal_uart.o
    0x08004cae   0x08004cae   0x00000002   PAD
    0x08004cb0   0x08004cb0   0x00000018   Code   RO          541    i.USART2_IRQHandler  stm32f4xx_it.o
    0x08004cc8   0x08004cc8   0x00000030   Code   RO          409    i.USER_UART2_IRQHander  usart.o
    0x08004cf8   0x08004cf8   0x00000038   Code   RO          410    i.USER_USART2_IDLECallback  usart.o
    0x08004d30   0x08004d30   0x00000002   Code   RO          542    i.UsageFault_Handler  stm32f4xx_it.o
    0x08004d32   0x08004d32   0x00000002   PAD
    0x08004d34   0x08004d34   0x00000020   Code   RO         4784    i.__0printf         mc_w.l(printfa.o)
    0x08004d54   0x08004d54   0x00000028   Code   RO         4786    i.__0sprintf        mc_w.l(printfa.o)
    0x08004d7c   0x08004d7c   0x00000034   Code   RO         4789    i.__0vsnprintf      mc_w.l(printfa.o)
    0x08004db0   0x08004db0   0x00000020   Code   RO         1689    i.__NVIC_SetPriority  stm32f4xx_hal_cortex.o
    0x08004dd0   0x08004dd0   0x0000005c   Code   RO         4816    i.__free$realloc    mc_w.l(mallocr.o)
    0x08004e2c   0x08004e2c   0x00000014   Code   RO         4504    i.__hardfp_fabs     m_wm.l(fabs.o)
    0x08004e40   0x08004e40   0x00000118   Code   RO         4510    i.__hardfp_floor    m_wm.l(floor.o)
    0x08004f58   0x08004f58   0x00000050   Code   RO         4817    i.__malloc$realloc  mc_w.l(mallocr.o)
    0x08004fa8   0x08004fa8   0x0000000e   Code   RO         4922    i.__scatterload_copy  mc_w.l(handlers.o)
    0x08004fb6   0x08004fb6   0x00000002   Code   RO         4923    i.__scatterload_null  mc_w.l(handlers.o)
    0x08004fb8   0x08004fb8   0x0000000e   Code   RO         4924    i.__scatterload_zeroinit  mc_w.l(handlers.o)
    0x08004fc6   0x08004fc6   0x00000002   PAD
    0x08004fc8   0x08004fc8   0x00000184   Code   RO         4791    i._fp_digits        mc_w.l(printfa.o)
    0x0800514c   0x0800514c   0x0000000e   Code   RO         4846    i._is_digit         mc_w.l(scanf_fp.o)
    0x0800515a   0x0800515a   0x00000002   PAD
    0x0800515c   0x0800515c   0x000006b4   Code   RO         4792    i._printf_core      mc_w.l(printfa.o)
    0x08005810   0x08005810   0x00000024   Code   RO         4793    i._printf_post_padding  mc_w.l(printfa.o)
    0x08005834   0x08005834   0x0000002e   Code   RO         4794    i._printf_pre_padding  mc_w.l(printfa.o)
    0x08005862   0x08005862   0x00000016   Code   RO         4795    i._snputc           mc_w.l(printfa.o)
    0x08005878   0x08005878   0x0000000a   Code   RO         4796    i._sputc            mc_w.l(printfa.o)
    0x08005882   0x08005882   0x0000002a   Code   RO         3683    i.add_item_to_array  cjson.o
    0x080058ac   0x080058ac   0x0000005a   Code   RO         3684    i.add_item_to_object  cjson.o
    0x08005906   0x08005906   0x00000002   PAD
    0x08005908   0x08005908   0x00000014   Code   RO         3692    i.cJSON_AddItemToObject  cjson.o
    0x0800591c   0x0800591c   0x00000078   Code   RO         3709    i.cJSON_CreateNumber  cjson.o
    0x08005994   0x08005994   0x00000018   Code   RO         3710    i.cJSON_CreateObject  cjson.o
    0x080059ac   0x080059ac   0x00000030   Code   RO         3713    i.cJSON_CreateString  cjson.o
    0x080059dc   0x080059dc   0x00000048   Code   RO         3717    i.cJSON_Delete      cjson.o
    0x08005a24   0x08005a24   0x00000006   Code   RO         3730    i.cJSON_GetObjectItem  cjson.o
    0x08005a2a   0x08005a2a   0x00000016   Code   RO         3747    i.cJSON_New_Item    cjson.o
    0x08005a40   0x08005a40   0x0000000c   Code   RO         3755    i.cJSON_PrintUnformatted  cjson.o
    0x08005a4c   0x08005a4c   0x0000006c   Code   RO         3760    i.cJSON_SetNumberHelper  cjson.o
    0x08005ab8   0x08005ab8   0x00000028   Code   RO         3765    i.cJSON_strdup      cjson.o
    0x08005ae0   0x08005ae0   0x000000b8   Code   RO         3766    i.compare_double    cjson.o
    0x08005b98   0x08005b98   0x00000014   Code   RO         3483    i.delay_init        delay.o
    0x08005bac   0x08005bac   0x0000003c   Code   RO         3484    i.delay_ms          delay.o
    0x08005be8   0x08005be8   0x00000034   Code   RO         3485    i.delay_us          delay.o
    0x08005c1c   0x08005c1c   0x0000005c   Code   RO         3432    i.dht11_check       dht11.o
    0x08005c78   0x08005c78   0x0000005c   Code   RO         3434    i.dht11_read_bit    dht11.o
    0x08005cd4   0x08005cd4   0x00000066   Code   RO         3435    i.dht11_read_data   dht11.o
    0x08005d3a   0x08005d3a   0x00000002   PAD
    0x08005d3c   0x08005d3c   0x00000030   Code   RO         3436    i.dht11_reset       dht11.o
    0x08005d6c   0x08005d6c   0x0000008a   Code   RO         3768    i.ensure            cjson.o
    0x08005df6   0x08005df6   0x00000010   Code   RO          334    i.for_delay_us      tim.o
    0x08005e06   0x08005e06   0x00000002   PAD
    0x08005e08   0x08005e08   0x00000018   Code   RO          414    i.fputc             usart.o
    0x08005e20   0x08005e20   0x0000007a   Code   RO         3770    i.get_object_item   cjson.o
    0x08005e9a   0x08005e9a   0x00000002   PAD
    0x08005e9c   0x08005e9c   0x00000024   Code   RO          335    i.get_stop          tim.o
    0x08005ec0   0x08005ec0   0x00000050   Code   RO         4818    i.internal_alloc    mc_w.l(mallocr.o)
    0x08005f10   0x08005f10   0x0000011c   Code   RO           19    i.main              main.o
    0x0800602c   0x0800602c   0x00000098   Code   RO         3778    i.print             cjson.o
    0x080060c4   0x080060c4   0x00000096   Code   RO         3779    i.print_array       cjson.o
    0x0800615a   0x0800615a   0x00000002   PAD
    0x0800615c   0x0800615c   0x00000130   Code   RO         3780    i.print_number      cjson.o
    0x0800628c   0x0800628c   0x00000140   Code   RO         3781    i.print_object      cjson.o
    0x080063cc   0x080063cc   0x00000110   Code   RO         3782    i.print_string_ptr  cjson.o
    0x080064dc   0x080064dc   0x000000d0   Code   RO         3783    i.print_value       cjson.o
    0x080065ac   0x080065ac   0x00000048   Code   RO          415    i.printf1           usart.o
    0x080065f4   0x080065f4   0x00000044   Code   RO           20    i.raindrop_check    main.o
    0x08006638   0x08006638   0x0000006c   Code   RO         4819    i.realloc           mc_w.l(mallocr.o)
    0x080066a4   0x080066a4   0x0000002c   Code   RO          416    i.sendcmd           usart.o
    0x080066d0   0x080066d0   0x00000014   Code   RO          336    i.start             tim.o
    0x080066e4   0x080066e4   0x00000018   Code   RO           21    i.turbidity_check   main.o
    0x080066fc   0x080066fc   0x0000001c   Code   RO         3785    i.update_offset     cjson.o
    0x08006718   0x08006718   0x00000018   Code   RO           22    i.wind_direction_check  main.o
    0x08006730   0x08006730   0x00000008   Data   RO         1406    .constdata          stm32f4xx_hal_dma.o
    0x08006738   0x08006738   0x00000010   Data   RO         3396    .constdata          system_stm32f4xx.o
    0x08006748   0x08006748   0x00000008   Data   RO         3397    .constdata          system_stm32f4xx.o
    0x08006750   0x08006750   0x00000040   Data   RO         4918    .constdata          mc_w.l(ctype_c.o)
    0x08006790   0x08006790   0x00000042   Data   RO         3613    .conststring        ec20.o
    0x080067d2   0x080067d2   0x00000002   PAD
    0x080067d4   0x080067d4   0x00000020   Data   RO         4920    Region$$Table       anon$$obj.o


    Execution Region RW_IRAM1 (Exec base: 0x20000000, Load base: 0x080067f4, Size: 0x00001608, Max: 0x0001c000, ABSOLUTE)

    Exec Addr    Load Addr    Size         Type   Attr      Idx    E Section Name        Object

    0x20000000   0x080067f4   0x00000010   Data   RW           26    .data               main.o
    0x20000010   0x08006804   0x00000004   Data   RW          338    .data               tim.o
    0x20000014   0x08006808   0x00000008   Data   RW          421    .data               usart.o
    0x2000001c   0x08006810   0x00000004   Data   RW          423    .data               usart.o
    0x20000020   0x08006814   0x0000000c   Data   RW         1833    .data               stm32f4xx_hal.o
    0x2000002c   0x08006820   0x00000004   Data   RW         3398    .data               system_stm32f4xx.o
    0x20000030   0x08006824   0x00000004   Data   RW         3486    .data               delay.o
    0x20000034   0x08006828   0x00000004   PAD
    0x20000038   0x0800682c   0x00000040   Data   RW         3615    .data               ec20.o
    0x20000078   0x0800686c   0x00000014   Data   RW         3788    .data               cjson.o
    0x2000008c   0x08006880   0x00000004   Data   RW         4892    .data               mc_w.l(mvars.o)
    0x20000090   0x08006884   0x00000004   Data   RW         4893    .data               mc_w.l(mvars.o)
    0x20000094        -       0x0000000c   Zero   RW           23    .bss                main.o
    0x200000a0        -       0x000000a8   Zero   RW          265    .bss                adc.o
    0x20000148        -       0x00000048   Zero   RW          337    .bss                tim.o
    0x20000190        -       0x0000042c   Zero   RW          417    .bss                usart.o
    0x200005bc   0x08006888   0x00000004   PAD
    0x200005c0        -       0x00000048   Zero   RW         3612    .bss                ec20.o
    0x20000608        -       0x00000c00   Zero   RW            2    HEAP                startup_stm32f407xx.o
    0x20001208        -       0x00000400   Zero   RW            1    STACK               startup_stm32f407xx.o


    Execution Region RW_IRAM2 (Exec base: 0x2001c000, Load base: 0x08006888, Size: 0x00000000, Max: 0x00004000, ABSOLUTE)

    **** No section assigned to this execution region ****


==============================================================================

Image component sizes


      Code (inc. data)   RO Data    RW Data    ZI Data      Debug   Object Name

       352         32          0          0        168       1931   adc.o
      2482        158          0         20          0      27944   cjson.o
       138         14          0          4          0       2575   delay.o
       334         14          0          0          0       3025   dht11.o
        92          4          0          0          0        854   dma.o
      4416       1550         66         64         72       9845   ec20.o
       196         14          0          0          0       1043   gpio.o
      1600        548          0         16         12     713860   main.o
        36          8        392          0       4096        848   startup_stm32f407xx.o
       144         24          0         12          0       8865   stm32f4xx_hal.o
      1200         66          0          0          0       7597   stm32f4xx_hal_adc.o
       222         14          0          0          0      34681   stm32f4xx_hal_cortex.o
      1084         16          8          0          0       7474   stm32f4xx_hal_dma.o
       516         46          0          0          0       2911   stm32f4xx_hal_gpio.o
        52          4          0          0          0        894   stm32f4xx_hal_msp.o
      1344         72          0          0          0       5324   stm32f4xx_hal_rcc.o
       466         72          0          0          0       4314   stm32f4xx_hal_tim.o
       144         28          0          0          0       1372   stm32f4xx_hal_tim_ex.o
      2234         30          0          0          0      17213   stm32f4xx_hal_uart.o
        80         24          0          0          0       6304   stm32f4xx_it.o
        16          4         24          4          0       1171   system_stm32f4xx.o
       280         48          0          4         72       4735   tim.o
      1308        158          0         12       1068      10773   usart.o

    ----------------------------------------------------------------------
     18774       2948        524        140       5492     875553   Object Totals
         0          0         32          0          0          0   (incl. Generated)
        38          0          2          4          4          0   (incl. Padding)

    ----------------------------------------------------------------------

      Code (inc. data)   RO Data    RW Data    ZI Data      Debug   Library Member Name

        20          0          0          0          0        124   fabs.o
       280         28          0          0          0        156   floor.o
        56          8          0          0          0         84   __0sscanf.o
        28          0          0          0          0         68   _chval.o
       816          6          0          0          0        112   _scanf.o
       332          0          0          0          0         96   _scanf_int.o
        64          0          0          0          0         84   _sgetc.o
        40          6         64          0          0         68   ctype_c.o
         0          0          0          0          0          0   entry.o
         0          0          0          0          0          0   entry10a.o
         0          0          0          0          0          0   entry11a.o
         4          0          0          0          0          0   entry12b.o
         8          4          0          0          0          0   entry2.o
         4          0          0          0          0          0   entry5.o
         0          0          0          0          0          0   entry7b.o
         0          0          0          0          0          0   entry8b.o
         8          4          0          0          0          0   entry9a.o
        30          0          0          0          0          0   handlers.o
        36          8          0          0          0         68   init.o
        10          0          0          0          0         68   isspace_c.o
         0          0          0          0          0          0   iusefp.o
        30          0          0          0          0         68   llshl.o
        36          0          0          0          0         68   llsshr.o
        32          0          0          0          0         68   llushr.o
       360         30          0          0          0        356   mallocr.o
        36          0          0          0          0         68   memcpya.o
        36          0          0          0          0        108   memseta.o
         0          0          0          8          0          0   mvars.o
      2342        102          0          0          0        764   printfa.o
        40          8          0          0          0         84   scanf_char.o
       878         12          0          0          0        216   scanf_fp.o
        28          0          0          0          0         76   strcmp.o
        18          0          0          0          0         68   strcpy.o
        14          0          0          0          0         68   strlen.o
        36          0          0          0          0         80   strstr.o
        12          0          0          0          0         68   tolower.o
        44          0          0          0          0         80   uidiv.o
        98          0          0          0          0         92   uldiv.o
        48          0          0          0          0         68   cdcmple.o
        48          0          0          0          0         68   cdrcmple.o
        56          0          0          0          0         88   d2f.o
       334          0          0          0          0        148   dadd.o
       222          0          0          0          0        100   ddiv.o
       186          0          0          0          0        176   depilogue.o
        62          0          0          0          0         80   dfixi.o
        48          0          0          0          0         68   dfixul.o
        34          0          0          0          0         76   dflti.o
        26          0          0          0          0         76   dfltui.o
        24          0          0          0          0         76   dfltul.o
       228          0          0          0          0         96   dmul.o
        38          0          0          0          0         68   f2d.o
       110          0          0          0          0        168   fepilogue.o

    ----------------------------------------------------------------------
      7250        216         64          8          0       4616   Library Totals
        10          0          0          0          0          0   (incl. Padding)

    ----------------------------------------------------------------------

      Code (inc. data)   RO Data    RW Data    ZI Data      Debug   Library Name

       300         28          0          0          0        280   m_wm.l
      5476        188         64          8          0       2980   mc_w.l
      1464          0          0          0          0       1356   mf_w.l

    ----------------------------------------------------------------------
      7250        216         64          8          0       4616   Library Totals

    ----------------------------------------------------------------------

==============================================================================


      Code (inc. data)   RO Data    RW Data    ZI Data      Debug   

     26024       3164        588        148       5492     864029   Grand Totals
     26024       3164        588        148       5492     864029   ELF Image Totals
     26024       3164        588        148          0          0   ROM Totals

==============================================================================

    Total RO  Size (Code + RO Data)                26612 (  25.99kB)
    Total RW  Size (RW Data + ZI Data)              5640 (   5.51kB)
    Total ROM Size (Code + RO Data + RW Data)      26760 (  26.13kB)

==============================================================================

