<html>
<body>
<pre>
<h1>µVision Build Log</h1>
<h2>Tool Versions:</h2>
IDE-Version: ¦ÌVision V5.36.0.0
Copyright (C) 2021 ARM Ltd and ARM Germany GmbH. All rights reserved.
License Information: bbbbbbbbb bbbbbbbbbbbbbb, bbbbbbbbbbbbbbb, LIC=ZB4EI-TZ66Z-UH28H-W55NM-H5EIK-VXTBL
 
Tool Versions:
Toolchain:       MDK-ARM Plus  Version: 5.36.0.0
Toolchain Path:  F:\keil_MDK\ARM\ARM\ARMCC\Bin
C Compiler:      Armcc.exe V5.06 update 7 (build 960)
Assembler:       Armasm.exe V5.06 update 7 (build 960)
Linker/Locator:  ArmLink.exe V5.06 update 7 (build 960)
Library Manager: ArmAr.exe V5.06 update 7 (build 960)
Hex Converter:   FromElf.exe V5.06 update 7 (build 960)
CPU DLL:         SARMCM3.DLL V5.36.0.0
Dialog DLL:      DCM.DLL V1.17.3.0
Target DLL:      Segger\JL2CM3.dll V2.99.40.0
Dialog DLL:      TCM.DLL V1.53.0.0
 
<h2>Project:</h2>
F:\keil_MDK\stm32cubemx\Harbor_Survey_Installation\MDK-ARM\Harbor_Survey_Installation.uvprojx
Project File Date:  05/15/2023

<h2>Output:</h2>
*** Using Compiler 'V5.06 update 7 (build 960)', folder: 'F:\keil_MDK\ARM\ARM\ARMCC\Bin'
Rebuild target 'Harbor_Survey_Installation'
assembling startup_stm32f407xx.s...
compiling adc.c...
compiling gpio.c...
compiling tim.c...
../Core/Src/tim.c(110): warning:  #188-D: enumerated type mixed with another type
      HAL_GPIO_WritePin(Trig_GPIO_Port,Trig_Pin,SET); //À­¸ß
../Core/Src/tim.c(112): warning:  #188-D: enumerated type mixed with another type
      HAL_GPIO_WritePin(Trig_GPIO_Port,Trig_Pin,RESET);  //À­µÍ
../Core/Src/tim.c: 2 warnings, 0 errors
compiling stm32f4xx_ll_adc.c...
compiling stm32f4xx_it.c...
compiling stm32f4xx_hal_msp.c...
compiling main.c...
compiling dma.c...
compiling usart.c...
compiling stm32f4xx_hal_gpio.c...
compiling stm32f4xx_hal_adc_ex.c...
compiling stm32f4xx_hal_flash.c...
compiling stm32f4xx_hal_adc.c...
compiling stm32f4xx_hal_flash_ramfunc.c...
compiling stm32f4xx_hal_rcc_ex.c...
compiling stm32f4xx_hal_flash_ex.c...
compiling stm32f4xx_hal_rcc.c...
compiling stm32f4xx_hal_cortex.c...
compiling stm32f4xx_hal_dma_ex.c...
compiling stm32f4xx_hal.c...
compiling stm32f4xx_hal_pwr_ex.c...
compiling stm32f4xx_hal_pwr.c...
compiling stm32f4xx_hal_exti.c...
compiling stm32f4xx_hal_dma.c...
compiling stm32f4xx_hal_tim.c...
compiling cJSON.c...
compiling cJSON_Utils.c...
compiling stm32f4xx_hal_tim_ex.c...
compiling system_stm32f4xx.c...
compiling stm32f4xx_hal_uart.c...
compiling delay.c...
compiling dht11.c...
compiling EC20.c...
compiling sys.c...
linking...
Program Size: Code=26024 RO-data=588 RW-data=148 ZI-data=5492  
FromELF: creating hex file...
"Harbor_Survey_Installation\Harbor_Survey_Installation.axf" - 0 Error(s), 2 Warning(s).

<h2>Software Packages used:</h2>

Package Vendor: ARM
                http://www.keil.com/pack/ARM.CMSIS.5.8.0.pack
                ARM.CMSIS.5.8.0
                CMSIS (Common Microcontroller Software Interface Standard)
   * Component: CORE Version: 5.5.0

Package Vendor: Keil
                http://www.keil.com/pack/Keil.STM32F4xx_DFP.2.16.0.pack
                Keil.STM32F4xx_DFP.2.16.0
                STMicroelectronics STM32F4 Series Device Support, Drivers and Examples

<h2>Collection of Component include folders:</h2>
  .\RTE\_Harbor_Survey_Installation
  F:\keil_MDK\ARM\ARM\CMSIS\5.8.0\CMSIS\Core\Include
  F:\keil_MDK\ARM\Keil\STM32F4xx_DFP\2.16.0\Drivers\CMSIS\Device\ST\STM32F4xx\Include

<h2>Collection of Component Files used:</h2>

   * Component: ARM::CMSIS:CORE:5.5.0
Build Time Elapsed:  00:00:31
</pre>
</body>
</html>
